Archive member included to satisfy reference by file (symbol)

C:/ST/STM32CubeIDE_1.14.1/STM32CubeIDE/plugins/com.st.stm32cube.ide.mcu.externaltools.gnu-tools-for-stm32.11.3.rel1.win32_1.1.100.202309141235/tools/bin/../lib/gcc/arm-none-eabi/11.3.1/../../../../arm-none-eabi/lib/thumb/v7-m/nofp\libc_nano.a(libc_a-exit.o)
                              C:/ST/STM32CubeIDE_1.14.1/STM32CubeIDE/plugins/com.st.stm32cube.ide.mcu.externaltools.gnu-tools-for-stm32.11.3.rel1.win32_1.1.100.202309141235/tools/bin/../lib/gcc/arm-none-eabi/11.3.1/../../../../arm-none-eabi/lib/thumb/v7-m/nofp/crt0.o (exit)
C:/ST/STM32CubeIDE_1.14.1/STM32CubeIDE/plugins/com.st.stm32cube.ide.mcu.externaltools.gnu-tools-for-stm32.11.3.rel1.win32_1.1.100.202309141235/tools/bin/../lib/gcc/arm-none-eabi/11.3.1/../../../../arm-none-eabi/lib/thumb/v7-m/nofp\libc_nano.a(libc_a-rand.o)
                              ./Core/Src/obd.o (rand)
C:/ST/STM32CubeIDE_1.14.1/STM32CubeIDE/plugins/com.st.stm32cube.ide.mcu.externaltools.gnu-tools-for-stm32.11.3.rel1.win32_1.1.100.202309141235/tools/bin/../lib/gcc/arm-none-eabi/11.3.1/../../../../arm-none-eabi/lib/thumb/v7-m/nofp\libc_nano.a(libc_a-findfp.o)
                              C:/ST/STM32CubeIDE_1.14.1/STM32CubeIDE/plugins/com.st.stm32cube.ide.mcu.externaltools.gnu-tools-for-stm32.11.3.rel1.win32_1.1.100.202309141235/tools/bin/../lib/gcc/arm-none-eabi/11.3.1/../../../../arm-none-eabi/lib/thumb/v7-m/nofp\libc_nano.a(libc_a-exit.o) (__stdio_exit_handler)
C:/ST/STM32CubeIDE_1.14.1/STM32CubeIDE/plugins/com.st.stm32cube.ide.mcu.externaltools.gnu-tools-for-stm32.11.3.rel1.win32_1.1.100.202309141235/tools/bin/../lib/gcc/arm-none-eabi/11.3.1/../../../../arm-none-eabi/lib/thumb/v7-m/nofp\libc_nano.a(libc_a-fwalk.o)
                              C:/ST/STM32CubeIDE_1.14.1/STM32CubeIDE/plugins/com.st.stm32cube.ide.mcu.externaltools.gnu-tools-for-stm32.11.3.rel1.win32_1.1.100.202309141235/tools/bin/../lib/gcc/arm-none-eabi/11.3.1/../../../../arm-none-eabi/lib/thumb/v7-m/nofp\libc_nano.a(libc_a-findfp.o) (_fwalk_sglue)
C:/ST/STM32CubeIDE_1.14.1/STM32CubeIDE/plugins/com.st.stm32cube.ide.mcu.externaltools.gnu-tools-for-stm32.11.3.rel1.win32_1.1.100.202309141235/tools/bin/../lib/gcc/arm-none-eabi/11.3.1/../../../../arm-none-eabi/lib/thumb/v7-m/nofp\libc_nano.a(libc_a-sprintf.o)
                              ./Core/Src/obd.o (sprintf)
C:/ST/STM32CubeIDE_1.14.1/STM32CubeIDE/plugins/com.st.stm32cube.ide.mcu.externaltools.gnu-tools-for-stm32.11.3.rel1.win32_1.1.100.202309141235/tools/bin/../lib/gcc/arm-none-eabi/11.3.1/../../../../arm-none-eabi/lib/thumb/v7-m/nofp\libc_nano.a(libc_a-stdio.o)
                              C:/ST/STM32CubeIDE_1.14.1/STM32CubeIDE/plugins/com.st.stm32cube.ide.mcu.externaltools.gnu-tools-for-stm32.11.3.rel1.win32_1.1.100.202309141235/tools/bin/../lib/gcc/arm-none-eabi/11.3.1/../../../../arm-none-eabi/lib/thumb/v7-m/nofp\libc_nano.a(libc_a-findfp.o) (__sread)
C:/ST/STM32CubeIDE_1.14.1/STM32CubeIDE/plugins/com.st.stm32cube.ide.mcu.externaltools.gnu-tools-for-stm32.11.3.rel1.win32_1.1.100.202309141235/tools/bin/../lib/gcc/arm-none-eabi/11.3.1/../../../../arm-none-eabi/lib/thumb/v7-m/nofp\libc_nano.a(libc_a-memset.o)
                              C:/ST/STM32CubeIDE_1.14.1/STM32CubeIDE/plugins/com.st.stm32cube.ide.mcu.externaltools.gnu-tools-for-stm32.11.3.rel1.win32_1.1.100.202309141235/tools/bin/../lib/gcc/arm-none-eabi/11.3.1/../../../../arm-none-eabi/lib/thumb/v7-m/nofp/crt0.o (memset)
C:/ST/STM32CubeIDE_1.14.1/STM32CubeIDE/plugins/com.st.stm32cube.ide.mcu.externaltools.gnu-tools-for-stm32.11.3.rel1.win32_1.1.100.202309141235/tools/bin/../lib/gcc/arm-none-eabi/11.3.1/../../../../arm-none-eabi/lib/thumb/v7-m/nofp\libc_nano.a(libc_a-closer.o)
                              C:/ST/STM32CubeIDE_1.14.1/STM32CubeIDE/plugins/com.st.stm32cube.ide.mcu.externaltools.gnu-tools-for-stm32.11.3.rel1.win32_1.1.100.202309141235/tools/bin/../lib/gcc/arm-none-eabi/11.3.1/../../../../arm-none-eabi/lib/thumb/v7-m/nofp\libc_nano.a(libc_a-stdio.o) (_close_r)
C:/ST/STM32CubeIDE_1.14.1/STM32CubeIDE/plugins/com.st.stm32cube.ide.mcu.externaltools.gnu-tools-for-stm32.11.3.rel1.win32_1.1.100.202309141235/tools/bin/../lib/gcc/arm-none-eabi/11.3.1/../../../../arm-none-eabi/lib/thumb/v7-m/nofp\libc_nano.a(libc_a-reent.o)
                              C:/ST/STM32CubeIDE_1.14.1/STM32CubeIDE/plugins/com.st.stm32cube.ide.mcu.externaltools.gnu-tools-for-stm32.11.3.rel1.win32_1.1.100.202309141235/tools/bin/../lib/gcc/arm-none-eabi/11.3.1/../../../../arm-none-eabi/lib/thumb/v7-m/nofp\libc_nano.a(libc_a-closer.o) (errno)
C:/ST/STM32CubeIDE_1.14.1/STM32CubeIDE/plugins/com.st.stm32cube.ide.mcu.externaltools.gnu-tools-for-stm32.11.3.rel1.win32_1.1.100.202309141235/tools/bin/../lib/gcc/arm-none-eabi/11.3.1/../../../../arm-none-eabi/lib/thumb/v7-m/nofp\libc_nano.a(libc_a-impure.o)
[...]
Memory Configuration

Name             Origin             Length             Attributes
RAM              0x0000000020000000 0x0000000000005000 xrw
FLASH            0x0000000008000000 0x0000000000010000 xr
*default*        0x0000000000000000 0xffffffffffffffff

Linker script and memory map

LOAD C:/ST/STM32CubeIDE_1.14.1/STM32CubeIDE/plugins/com.st.stm32cube.ide.mcu.externaltools.gnu-tools-for-stm32.11.3.rel1.win32_1.1.100.202309141235/tools/bin/../lib/gcc/arm-none-eabi/11.3.1/thumb/v7-m/nofp/crti.o
LOAD C:/ST/STM32CubeIDE_1.14.1/STM32CubeIDE/plugins/com.st.stm32cube.ide.mcu.externaltools.gnu-tools-for-stm32.11.3.rel1.win32_1.1.100.202309141235/tools/bin/../lib/gcc/arm-none-eabi/11.3.1/thumb/v7-m/nofp/crtbegin.o
LOAD C:/ST/STM32CubeIDE_1.14.1/STM32CubeIDE/plugins/com.st.stm32cube.ide.mcu.externaltools.gnu-tools-for-stm32.11.3.rel1.win32_1.1.100.202309141235/tools/bin/../lib/gcc/arm-none-eabi/11.3.1/../../../../arm-none-eabi/lib/thumb/v7-m/nofp/crt0.o
LOAD ./Core/Src/adc.o
LOAD ./Core/Src/can.o
LOAD ./Core/Src/dma.o
LOAD ./Core/Src/gpio.o
LOAD ./Core/Src/i2c.o
LOAD ./Core/Src/lcd_i2c.o
LOAD ./Core/Src/main.o
LOAD ./Core/Src/obd.o
LOAD ./Core/Src/stm32f1xx_hal_msp.o
LOAD ./Core/Src/stm32f1xx_it.o
LOAD ./Core/Src/syscalls.o
LOAD ./Core/Src/sysmem.o
LOAD ./Core/Src/system_stm32f1xx.o
LOAD ./Core/Src/tim.o
LOAD ./Core/Startup/startup_stm32f103c8tx.o
LOAD ./Drivers/STM32F1xx_HAL_Driver/Src/stm32f1xx_hal.o
LOAD ./Drivers/STM32F1xx_HAL_Driver/Src/stm32f1xx_hal_adc.o
LOAD ./Drivers/STM32F1xx_HAL_Driver/Src/stm32f1xx_hal_adc_ex.o
LOAD ./Drivers/STM32F1xx_HAL_Driver/Src/stm32f1xx_hal_can.o
LOAD ./Drivers/STM32F1xx_HAL_Driver/Src/stm32f1xx_hal_cortex.o
LOAD ./Drivers/STM32F1xx_HAL_Driver/Src/stm32f1xx_hal_dma.o
LOAD ./Drivers/STM32F1xx_HAL_Driver/Src/stm32f1xx_hal_exti.o
LOAD ./Drivers/STM32F1xx_HAL_Driver/Src/stm32f1xx_hal_flash.o
LOAD ./Drivers/STM32F1xx_HAL_Driver/Src/stm32f1xx_hal_flash_ex.o
LOAD ./Drivers/STM32F1xx_HAL_Driver/Src/stm32f1xx_hal_gpio.o
LOAD ./Drivers/STM32F1xx_HAL_Driver/Src/stm32f1xx_hal_gpio_ex.o
LOAD ./Drivers/STM32F1xx_HAL_Driver/Src/stm32f1xx_hal_i2c.o
LOAD ./Drivers/STM32F1xx_HAL_Driver/Src/stm32f1xx_hal_pwr.o
LOAD ./Drivers/STM32F1xx_HAL_Driver/Src/stm32f1xx_hal_rcc.o
LOAD ./Drivers/STM32F1xx_HAL_Driver/Src/stm32f1xx_hal_rcc_ex.o
LOAD ./Drivers/STM32F1xx_HAL_Driver/Src/stm32f1xx_hal_tim.o
LOAD ./Drivers/STM32F1xx_HAL_Driver/Src/stm32f1xx_hal_tim_ex.o
START GROUP
LOAD C:/ST/STM32CubeIDE_1.14.1/STM32CubeIDE/plugins/com.st.stm32cube.ide.mcu.externaltools.gnu-tools-for-stm32.11.3.rel1.win32_1.1.100.202309141235/tools/bin/../lib/gcc/arm-none-eabi/11.3.1/../../../../arm-none-eabi/lib/thumb/v7-m/nofp\libc_nano.a
LOAD C:/ST/STM32CubeIDE_1.14.1/STM32CubeIDE/plugins/com.st.stm32cube.ide.mcu.externaltools.gnu-tools-for-stm32.11.3.rel1.win32_1.1.100.202309141235/tools/bin/../lib/gcc/arm-none-eabi/11.3.1/../../../../arm-none-eabi/lib/thumb/v7-m/nofp\libm.a
END GROUP
START GROUP
LOAD C:/ST/STM32CubeIDE_1.14.1/STM32CubeIDE/plugins/com.st.stm32cube.ide.mcu.externaltools.gnu-tools-for-stm32.11.3.rel1.win32_1.1.100.202309141235/tools/bin/../lib/gcc/arm-none-eabi/11.3.1/thumb/v7-m/nofp\libgcc.a
LOAD C:/ST/STM32CubeIDE_1.14.1/STM32CubeIDE/plugins/com.st.stm32cube.ide.mcu.externaltools.gnu-tools-for-stm32.11.3.rel1.win32_1.1.100.202309141235/tools/bin/../lib/gcc/arm-none-eabi/11.3.1/../../../../arm-none-eabi/lib/thumb/v7-m/nofp\libc_nano.a
END GROUP
START GROUP
LOAD C:/ST/STM32CubeIDE_1.14.1/STM32CubeIDE/plugins/com.st.stm32cube.ide.mcu.externaltools.gnu-tools-for-stm32.11.3.rel1.win32_1.1.100.202309141235/tools/bin/../lib/gcc/arm-none-eabi/11.3.1/thumb/v7-m/nofp\libgcc.a
LOAD C:/ST/STM32CubeIDE_1.14.1/STM32CubeIDE/plugins/com.st.stm32cube.ide.mcu.externaltools.gnu-tools-for-stm32.11.3.rel1.win32_1.1.100.202309141235/tools/bin/../lib/gcc/arm-none-eabi/11.3.1/../../../../arm-none-eabi/lib/thumb/v7-m/nofp\libc_nano.a
LOAD C:/ST/STM32CubeIDE_1.14.1/STM32CubeIDE/plugins/com.st.stm32cube.ide.mcu.externaltools.gnu-tools-for-stm32.11.3.rel1.win32_1.1.100.202309141235/tools/bin/../lib/gcc/arm-none-eabi/11.3.1/../../../../arm-none-eabi/lib/thumb/v7-m/nofp\libnosys.a
END GROUP
START GROUP
LOAD C:/ST/STM32CubeIDE_1.14.1/STM32CubeIDE/plugins/com.st.stm32cube.ide.mcu.externaltools.gnu-tools-for-stm32.11.3.rel1.win32_1.1.100.202309141235/tools/bin/../lib/gcc/arm-none-eabi/11.3.1/thumb/v7-m/nofp\libgcc.a
LOAD C:/ST/STM32CubeIDE_1.14.1/STM32CubeIDE/plugins/com.st.stm32cube.ide.mcu.externaltools.gnu-tools-for-stm32.11.3.rel1.win32_1.1.100.202309141235/tools/bin/../lib/gcc/arm-none-eabi/11.3.1/../../../../arm-none-eabi/lib/thumb/v7-m/nofp\libc_nano.a
LOAD C:/ST/STM32CubeIDE_1.14.1/STM32CubeIDE/plugins/com.st.stm32cube.ide.mcu.externaltools.gnu-tools-for-stm32.11.3.rel1.win32_1.1.100.202309141235/tools/bin/../lib/gcc/arm-none-eabi/11.3.1/../../../../arm-none-eabi/lib/thumb/v7-m/nofp\libnosys.a
END GROUP
LOAD C:/ST/STM32CubeIDE_1.14.1/STM32CubeIDE/plugins/com.st.stm32cube.ide.mcu.externaltools.gnu-tools-for-stm32.11.3.rel1.win32_1.1.100.202309141235/tools/bin/../lib/gcc/arm-none-eabi/11.3.1/thumb/v7-m/nofp/crtend.o
LOAD C:/ST/STM32CubeIDE_1.14.1/STM32CubeIDE/plugins/com.st.stm32cube.ide.mcu.externaltools.gnu-tools-for-stm32.11.3.rel1.win32_1.1.100.202309141235/tools/bin/../lib/gcc/arm-none-eabi/11.3.1/thumb/v7-m/nofp/crtn.o
                0x0000000020005000                _estack = (ORIGIN (RAM) + LENGTH (RAM))
                0x0000000000000200                _Min_Heap_Size = 0x200
                0x0000000000000400                _Min_Stack_Size = 0x400

.isr_vector     0x0000000008000000      0x10c
                0x0000000008000000                . = ALIGN (0x4)
 *(.isr_vector)
 .isr_vector    0x0000000008000000      0x10c ./Core/Startup/startup_stm32f103c8tx.o
                0x0000000008000000                g_pfnVectors
                0x000000000800010c                . = ALIGN (0x4)

.text           0x000000000800010c     0x64e8
                0x000000000800010c                . = ALIGN (0x4)
 *(.text)
 .text          0x000000000800010c       0x40 C:/ST/STM32CubeIDE_1.14.1/STM32CubeIDE/plugins/com.st.stm32cube.ide.mcu.externaltools.gnu-tools-for-stm32.11.3.rel1.win32_1.1.100.202309141235/tools/bin/../lib/gcc/arm-none-eabi/11.3.1/thumb/v7-m/nofp/crtbegin.o
 .text          0x000000000800014c       0x10 C:/ST/STM32CubeIDE_1.14.1/STM32CubeIDE/plugins/com.st.stm32cube.ide.mcu.externaltools.gnu-tools-for-stm32.11.3.rel1.win32_1.1.100.202309141235/tools/bin/../lib/gcc/arm-none-eabi/11.3.1/../../../../arm-none-eabi/lib/thumb/v7-m/nofp\libc_nano.a(libc_a-strlen.o)
                0x000000000800014c                strlen
 .text          0x000000000800015c      0x378 C:/ST/STM32CubeIDE_1.14.1/STM32CubeIDE/plugins/com.st.stm32cube.ide.mcu.externaltools.gnu-tools-for-stm32.11.3.rel1.win32_1.1.100.202309141235/tools/bin/../lib/gcc/arm-none-eabi/11.3.1/thumb/v7-m/nofp\libgcc.a(_arm_addsubdf3.o)
                0x000000000800015c                __aeabi_drsub
                0x0000000008000164                __aeabi_dsub
                0x0000000008000164                __subdf3
                0x0000000008000168                __aeabi_dadd
                0x0000000008000168                __adddf3
                0x00000000080003e0                __floatunsidf
                0x00000000080003e0                __aeabi_ui2d
                0x0000000008000400                __floatsidf
                0x0000000008000400                __aeabi_i2d
                0x0000000008000424                __aeabi_f2d
                0x0000000008000424                __extendsfdf2
                0x0000000008000468                __floatundidf
                0x0000000008000468                __aeabi_ul2d
                0x0000000008000478                __floatdidf
                0x0000000008000478                __aeabi_l2d
 .text          0x00000000080004d4      0x21c C:/ST/STM32CubeIDE_1.14.1/STM32CubeIDE/plugins/com.st.stm32cube.ide.mcu.externaltools.gnu-tools-for-stm32.11.3.rel1.win32_1.1.100.202309141235/tools/bin/../lib/gcc/arm-none-eabi/11.3.1/thumb/v7-m/nofp\libgcc.a(_arm_addsubsf3.o)
                0x00000000080004d4                __aeabi_frsub
                0x00000000080004dc                __subsf3
                0x00000000080004dc                __aeabi_fsub
                0x00000000080004e0                __aeabi_fadd
                0x00000000080004e0                __addsf3
                0x0000000008000640                __aeabi_ui2f
                0x0000000008000640                __floatunsisf
                0x0000000008000648                __aeabi_i2f
                0x0000000008000648                __floatsisf
                0x0000000008000664                __aeabi_ul2f
                0x0000000008000664                __floatundisf
                0x0000000008000674                __aeabi_l2f
                0x0000000008000674                __floatdisf
 .text          0x00000000080006f0      0x2a0 C:/ST/STM32CubeIDE_1.14.1/STM32CubeIDE/plugins/com.st.stm32cube.ide.mcu.externaltools.gnu-tools-for-stm32.11.3.rel1.win32_1.1.100.202309141235/tools/bin/../lib/gcc/arm-none-eabi/11.3.1/thumb/v7-m/nofp\libgcc.a(_arm_muldivsf3.o)
                0x00000000080006f0                __mulsf3
                0x00000000080006f0                __aeabi_fmul
                0x0000000008000858                __aeabi_fdiv
                0x0000000008000858                __divsf3
 .text          0x0000000008000990       0xec C:/ST/STM32CubeIDE_1.14.1/STM32CubeIDE/plugins/com.st.stm32cube.ide.mcu.externaltools.gnu-tools-for-stm32.11.3.rel1.win32_1.1.100.202309141235/tools/bin/../lib/gcc/arm-none-eabi/11.3.1/thumb/v7-m/nofp\libgcc.a(_arm_cmpsf2.o)
                0x0000000008000990                __gesf2
                0x0000000008000990                __gtsf2
                0x0000000008000998                __lesf2
                0x0000000008000998                __ltsf2
                0x00000000080009a0                __nesf2
                0x00000000080009a0                __eqsf2
                0x00000000080009a0                __cmpsf2
                0x0000000008000a00                __aeabi_cfrcmple
                0x0000000008000a08                __aeabi_cfcmpeq
                0x0000000008000a08                __aeabi_cfcmple
                0x0000000008000a18                __aeabi_fcmpeq
                0x0000000008000a2c                __aeabi_fcmplt
                0x0000000008000a40                __aeabi_fcmple
                0x0000000008000a54                __aeabi_fcmpge
                0x0000000008000a68                __aeabi_fcmpgt
 *(.text*)
 .text.MX_ADC1_Init
                0x0000000008000a7c      0x10c ./Core/Src/adc.o
                0x0000000008000a7c                MX_ADC1_Init
 .text.HAL_ADC_MspInit
                0x0000000008000b88      0x100 ./Core/Src/adc.o
                0x0000000008000b88                HAL_ADC_MspInit
 .text.HAL_ADC_ConvCpltCallback
                0x0000000008000c88       0x1c ./Core/Src/adc.o
                0x0000000008000c88                HAL_ADC_ConvCpltCallback
 .text.MX_CAN_Init
                0x0000000008000ca4       0x6c ./Core/Src/can.o
                0x0000000008000ca4                MX_CAN_Init
 .text.HAL_CAN_MspInit
                0x0000000008000d10       0xa8 ./Core/Src/can.o
                0x0000000008000d10                HAL_CAN_MspInit
 .text.CAN_FilterConfig
                0x0000000008000db8       0x44 ./Core/Src/can.o
                0x0000000008000db8                CAN_FilterConfig
 .text.HAL_CAN_RxFifo0MsgPendingCallback
                0x0000000008000dfc       0x44 ./Core/Src/can.o
                0x0000000008000dfc                HAL_CAN_RxFifo0MsgPendingCallback
 .text.HAL_CAN_TxMailbox0CompleteCallback
                0x0000000008000e40       0x20 ./Core/Src/can.o
                0x0000000008000e40                HAL_CAN_TxMailbox0CompleteCallback
 .text.MX_DMA_Init
                0x0000000008000e60       0x3c ./Core/Src/dma.o
                0x0000000008000e60                MX_DMA_Init
 .text.MX_GPIO_Init
                0x0000000008000e9c      0x110 ./Core/Src/gpio.o
                0x0000000008000e9c                MX_GPIO_Init
 .text.MX_I2C1_Init
                0x0000000008000fac       0x5c ./Core/Src/i2c.o
                0x0000000008000fac                MX_I2C1_Init
 .text.HAL_I2C_MspInit
                0x0000000008001008       0x7c ./Core/Src/i2c.o
                0x0000000008001008                HAL_I2C_MspInit
 .text.LCD_Send_Cmd
                0x0000000008001084       0x60 ./Core/Src/lcd_i2c.o
                0x0000000008001084                LCD_Send_Cmd
 .text.LCD_Send_Data
                0x00000000080010e4       0x60 ./Core/Src/lcd_i2c.o
                0x00000000080010e4                LCD_Send_Data
 .text.LCD_Init
                0x0000000008001144       0x5c ./Core/Src/lcd_i2c.o
                0x0000000008001144                LCD_Init
 .text.LCD_Send_String
                0x00000000080011a0       0x2a ./Core/Src/lcd_i2c.o
                0x00000000080011a0                LCD_Send_String
 .text.LCD_Clear_Display
                0x00000000080011ca        0xe ./Core/Src/lcd_i2c.o
                0x00000000080011ca                LCD_Clear_Display
 .text.LCD_Goto_XY
                0x00000000080011d8       0x3c ./Core/Src/lcd_i2c.o
                0x00000000080011d8                LCD_Goto_XY
 .text.LCD_Clear_Line
                0x0000000008001214       0x3c ./Core/Src/lcd_i2c.o
                0x0000000008001214                LCD_Clear_Line
 .text.LCD_Clear_Pos
                0x0000000008001250       0x44 ./Core/Src/lcd_i2c.o
                0x0000000008001250                LCD_Clear_Pos
 .text.loop_menu
                0x0000000008001294       0xd4 ./Core/Src/lcd_i2c.o
                0x0000000008001294                loop_menu
 .text.update_menu
                0x0000000008001368      0x12c ./Core/Src/lcd_i2c.o
                0x0000000008001368                update_menu
 .text.setting_value
                0x0000000008001494      0x17c ./Core/Src/lcd_i2c.o
                0x0000000008001494                setting_value
 .text.update_setting_value
                0x0000000008001610      0x10c ./Core/Src/lcd_i2c.o
                0x0000000008001610                update_setting_value
 .text.main     0x000000000800171c      0x108 ./Core/Src/main.o
                0x000000000800171c                main
 .text.SystemClock_Config
                0x0000000008001824       0xb6 ./Core/Src/main.o
                0x0000000008001824                SystemClock_Config
 .text.Error_Handler
                0x00000000080018da        0xa ./Core/Src/main.o
                0x00000000080018da                Error_Handler
 .text.ecu_scale_analog_value
                0x00000000080018e4       0xec ./Core/Src/obd.o
                0x00000000080018e4                ecu_scale_analog_value
 .text.ecu_send_respond
                0x00000000080019d0      0x30c ./Core/Src/obd.o
                0x00000000080019d0                ecu_send_respond
 .text.ecu_display_LCD
                0x0000000008001cdc      0x2a0 ./Core/Src/obd.o
                0x0000000008001cdc                ecu_display_LCD
 .text.map      0x0000000008001f7c       0x36 ./Core/Src/obd.o
                0x0000000008001f7c                map
 *fill*         0x0000000008001fb2        0x2 
 .text.display_ecu_value
                0x0000000008001fb4      0x158 ./Core/Src/obd.o
                0x0000000008001fb4                display_ecu_value
 .text.HAL_MspInit
                0x000000000800210c       0x64 ./Core/Src/stm32f1xx_hal_msp.o
                0x000000000800210c                HAL_MspInit
 .text.NMI_Handler
                0x0000000008002170        0x6 ./Core/Src/stm32f1xx_it.o
                0x0000000008002170                NMI_Handler
 .text.HardFault_Handler
                0x0000000008002176        0x6 ./Core/Src/stm32f1xx_it.o
                0x0000000008002176                HardFault_Handler
 .text.MemManage_Handler
                0x000000000800217c        0x6 ./Core/Src/stm32f1xx_it.o
                0x000000000800217c                MemManage_Handler
 .text.BusFault_Handler
                0x0000000008002182        0x6 ./Core/Src/stm32f1xx_it.o
                0x0000000008002182                BusFault_Handler
 .text.UsageFault_Handler
                0x0000000008002188        0x6 ./Core/Src/stm32f1xx_it.o
                0x0000000008002188                UsageFault_Handler
 .text.SVC_Handler
                0x000000000800218e        0xc ./Core/Src/stm32f1xx_it.o
                0x000000000800218e                SVC_Handler
 .text.DebugMon_Handler
                0x000000000800219a        0xc ./Core/Src/stm32f1xx_it.o
                0x000000000800219a                DebugMon_Handler
 .text.PendSV_Handler
                0x00000000080021a6        0xc ./Core/Src/stm32f1xx_it.o
                0x00000000080021a6                PendSV_Handler
 .text.SysTick_Handler
                0x00000000080021b2        0xc ./Core/Src/stm32f1xx_it.o
                0x00000000080021b2                SysTick_Handler
 *fill*         0x00000000080021be        0x2 
 .text.DMA1_Channel1_IRQHandler
                0x00000000080021c0       0x14 ./Core/Src/stm32f1xx_it.o
                0x00000000080021c0                DMA1_Channel1_IRQHandler
 .text.USB_LP_CAN1_RX0_IRQHandler
                0x00000000080021d4       0x14 ./Core/Src/stm32f1xx_it.o
                0x00000000080021d4                USB_LP_CAN1_RX0_IRQHandler
 .text.TIM2_IRQHandler
                0x00000000080021e8       0x14 ./Core/Src/stm32f1xx_it.o
                0x00000000080021e8                TIM2_IRQHandler
 .text._sbrk    0x00000000080021fc       0x6c ./Core/Src/sysmem.o
                0x00000000080021fc                _sbrk
 .text.SystemInit
                0x0000000008002268        0xc ./Core/Src/system_stm32f1xx.o
                0x0000000008002268                SystemInit
 .text.MX_TIM2_Init
                0x0000000008002274       0xa8 ./Core/Src/tim.o
                0x0000000008002274                MX_TIM2_Init
 .text.HAL_TIM_Encoder_MspInit
                0x000000000800231c       0x88 ./Core/Src/tim.o
                0x000000000800231c                HAL_TIM_Encoder_MspInit
 .text.rotary_encoder_value
                0x00000000080023a4       0x68 ./Core/Src/tim.o
                0x00000000080023a4                rotary_encoder_value
 .text.Reset_Handler
                0x000000000800240c       0x48 ./Core/Startup/startup_stm32f103c8tx.o
                0x000000000800240c                Reset_Handler
 .text.Default_Handler
                0x0000000008002454        0x2 ./Core/Startup/startup_stm32f103c8tx.o
                0x0000000008002454                RTC_Alarm_IRQHandler
                0x0000000008002454                EXTI2_IRQHandler
                0x0000000008002454                TIM1_CC_IRQHandler
                0x0000000008002454                PVD_IRQHandler
                0x0000000008002454                EXTI3_IRQHandler
                0x0000000008002454                EXTI0_IRQHandler
                0x0000000008002454                I2C2_EV_IRQHandler
                0x0000000008002454                ADC1_2_IRQHandler
                0x0000000008002454                SPI1_IRQHandler
                0x0000000008002454                TAMPER_IRQHandler
                0x0000000008002454                DMA1_Channel4_IRQHandler
                0x0000000008002454                USART3_IRQHandler
                0x0000000008002454                RTC_IRQHandler
                0x0000000008002454                DMA1_Channel7_IRQHandler
                0x0000000008002454                CAN1_RX1_IRQHandler
                0x0000000008002454                TIM4_IRQHandler
                0x0000000008002454                I2C1_EV_IRQHandler
                0x0000000008002454                DMA1_Channel6_IRQHandler
                0x0000000008002454                TIM3_IRQHandler
                0x0000000008002454                RCC_IRQHandler
                0x0000000008002454                TIM1_TRG_COM_IRQHandler
                0x0000000008002454                Default_Handler
                0x0000000008002454                EXTI15_10_IRQHandler
                0x0000000008002454                EXTI9_5_IRQHandler
                0x0000000008002454                SPI2_IRQHandler
                0x0000000008002454                DMA1_Channel5_IRQHandler
                0x0000000008002454                EXTI4_IRQHandler
                0x0000000008002454                USB_HP_CAN1_TX_IRQHandler
                0x0000000008002454                DMA1_Channel3_IRQHandler
                0x0000000008002454                TIM1_UP_IRQHandler
                0x0000000008002454                WWDG_IRQHandler
                0x0000000008002454                TIM1_BRK_IRQHandler
                0x0000000008002454                EXTI1_IRQHandler
                0x0000000008002454                USART2_IRQHandler
                0x0000000008002454                I2C2_ER_IRQHandler
                0x0000000008002454                DMA1_Channel2_IRQHandler
                0x0000000008002454                CAN1_SCE_IRQHandler
                0x0000000008002454                FLASH_IRQHandler
                0x0000000008002454                USART1_IRQHandler
                0x0000000008002454                I2C1_ER_IRQHandler
                0x0000000008002454                USBWakeUp_IRQHandler
 *fill*         0x0000000008002456        0x2 
 .text.HAL_Init
                0x0000000008002458       0x2c ./Drivers/STM32F1xx_HAL_Driver/Src/stm32f1xx_hal.o
                0x0000000008002458                HAL_Init
 .text.HAL_InitTick
                0x0000000008002484       0x60 ./Drivers/STM32F1xx_HAL_Driver/Src/stm32f1xx_hal.o
                0x0000000008002484                HAL_InitTick
 .text.HAL_IncTick
                0x00000000080024e4       0x24 ./Drivers/STM32F1xx_HAL_Driver/Src/stm32f1xx_hal.o
                0x00000000080024e4                HAL_IncTick
 .text.HAL_GetTick
                0x0000000008002508       0x14 ./Drivers/STM32F1xx_HAL_Driver/Src/stm32f1xx_hal.o
                0x0000000008002508                HAL_GetTick
 .text.HAL_Delay
                0x000000000800251c       0x48 ./Drivers/STM32F1xx_HAL_Driver/Src/stm32f1xx_hal.o
                0x000000000800251c                HAL_Delay
 .text.HAL_ADC_Init
                0x0000000008002564      0x1b0 ./Drivers/STM32F1xx_HAL_Driver/Src/stm32f1xx_hal_adc.o
                0x0000000008002564                HAL_ADC_Init
 .text.HAL_ADC_Start_DMA
                0x0000000008002714      0x1bc ./Drivers/STM32F1xx_HAL_Driver/Src/stm32f1xx_hal_adc.o
                0x0000000008002714                HAL_ADC_Start_DMA
 .text.HAL_ADC_ConvHalfCpltCallback
                0x00000000080028d0       0x12 ./Drivers/STM32F1xx_HAL_Driver/Src/stm32f1xx_hal_adc.o
                0x00000000080028d0                HAL_ADC_ConvHalfCpltCallback
 .text.HAL_ADC_ErrorCallback
                0x00000000080028e2       0x12 ./Drivers/STM32F1xx_HAL_Driver/Src/stm32f1xx_hal_adc.o
                0x00000000080028e2                HAL_ADC_ErrorCallback
 .text.HAL_ADC_ConfigChannel
                0x00000000080028f4      0x1f0 ./Drivers/STM32F1xx_HAL_Driver/Src/stm32f1xx_hal_adc.o
                0x00000000080028f4                HAL_ADC_ConfigChannel
 .text.ADC_Enable
                0x0000000008002ae4       0xb4 ./Drivers/STM32F1xx_HAL_Driver/Src/stm32f1xx_hal_adc.o
                0x0000000008002ae4                ADC_Enable
 .text.ADC_ConversionStop_Disable
                0x0000000008002b98       0x82 ./Drivers/STM32F1xx_HAL_Driver/Src/stm32f1xx_hal_adc.o
                0x0000000008002b98                ADC_ConversionStop_Disable
 .text.ADC_DMAConvCplt
                0x0000000008002c1a       0x7c ./Drivers/STM32F1xx_HAL_Driver/Src/stm32f1xx_hal_adc.o
                0x0000000008002c1a                ADC_DMAConvCplt
 .text.ADC_DMAHalfConvCplt
                0x0000000008002c96       0x1c ./Drivers/STM32F1xx_HAL_Driver/Src/stm32f1xx_hal_adc.o
                0x0000000008002c96                ADC_DMAHalfConvCplt
 .text.ADC_DMAError
                0x0000000008002cb2       0x34 ./Drivers/STM32F1xx_HAL_Driver/Src/stm32f1xx_hal_adc.o
                0x0000000008002cb2                ADC_DMAError
 .text.HAL_CAN_Init
                0x0000000008002ce6      0x1f6 ./Drivers/STM32F1xx_HAL_Driver/Src/stm32f1xx_hal_can.o
                0x0000000008002ce6                HAL_CAN_Init
 .text.HAL_CAN_ConfigFilter
                0x0000000008002edc      0x192 ./Drivers/STM32F1xx_HAL_Driver/Src/stm32f1xx_hal_can.o
                0x0000000008002edc                HAL_CAN_ConfigFilter
 .text.HAL_CAN_Start
                0x000000000800306e       0x88 ./Drivers/STM32F1xx_HAL_Driver/Src/stm32f1xx_hal_can.o
                0x000000000800306e                HAL_CAN_Start
 .text.HAL_CAN_AddTxMessage
                0x00000000080030f6      0x19e ./Drivers/STM32F1xx_HAL_Driver/Src/stm32f1xx_hal_can.o
                0x00000000080030f6                HAL_CAN_AddTxMessage
 .text.HAL_CAN_GetRxMessage
                0x0000000008003294      0x242 ./Drivers/STM32F1xx_HAL_Driver/Src/stm32f1xx_hal_can.o
                0x0000000008003294                HAL_CAN_GetRxMessage
 .text.HAL_CAN_ActivateNotification
                0x00000000080034d6       0x4a ./Drivers/STM32F1xx_HAL_Driver/Src/stm32f1xx_hal_can.o
                0x00000000080034d6                HAL_CAN_ActivateNotification
 .text.HAL_CAN_IRQHandler
                0x0000000008003520      0x36e ./Drivers/STM32F1xx_HAL_Driver/Src/stm32f1xx_hal_can.o
                0x0000000008003520                HAL_CAN_IRQHandler
 .text.HAL_CAN_TxMailbox1CompleteCallback
                0x000000000800388e       0x12 ./Drivers/STM32F1xx_HAL_Driver/Src/stm32f1xx_hal_can.o
                0x000000000800388e                HAL_CAN_TxMailbox1CompleteCallback
 .text.HAL_CAN_TxMailbox2CompleteCallback
                0x00000000080038a0       0x12 ./Drivers/STM32F1xx_HAL_Driver/Src/stm32f1xx_hal_can.o
                0x00000000080038a0                HAL_CAN_TxMailbox2CompleteCallback
 .text.HAL_CAN_TxMailbox0AbortCallback
                0x00000000080038b2       0x12 ./Drivers/STM32F1xx_HAL_Driver/Src/stm32f1xx_hal_can.o
                0x00000000080038b2                HAL_CAN_TxMailbox0AbortCallback
 .text.HAL_CAN_TxMailbox1AbortCallback
                0x00000000080038c4       0x12 ./Drivers/STM32F1xx_HAL_Driver/Src/stm32f1xx_hal_can.o
                0x00000000080038c4                HAL_CAN_TxMailbox1AbortCallback
 .text.HAL_CAN_TxMailbox2AbortCallback
                0x00000000080038d6       0x12 ./Drivers/STM32F1xx_HAL_Driver/Src/stm32f1xx_hal_can.o
                0x00000000080038d6                HAL_CAN_TxMailbox2AbortCallback
 .text.HAL_CAN_RxFifo0FullCallback
                0x00000000080038e8       0x12 ./Drivers/STM32F1xx_HAL_Driver/Src/stm32f1xx_hal_can.o
                0x00000000080038e8                HAL_CAN_RxFifo0FullCallback
 .text.HAL_CAN_RxFifo1MsgPendingCallback
                0x00000000080038fa       0x12 ./Drivers/STM32F1xx_HAL_Driver/Src/stm32f1xx_hal_can.o
                0x00000000080038fa                HAL_CAN_RxFifo1MsgPendingCallback
 .text.HAL_CAN_RxFifo1FullCallback
                0x000000000800390c       0x12 ./Drivers/STM32F1xx_HAL_Driver/Src/stm32f1xx_hal_can.o
                0x000000000800390c                HAL_CAN_RxFifo1FullCallback
 .text.HAL_CAN_SleepCallback
                0x000000000800391e       0x12 ./Drivers/STM32F1xx_HAL_Driver/Src/stm32f1xx_hal_can.o
                0x000000000800391e                HAL_CAN_SleepCallback
 .text.HAL_CAN_WakeUpFromRxMsgCallback
                0x0000000008003930       0x12 ./Drivers/STM32F1xx_HAL_Driver/Src/stm32f1xx_hal_can.o
                0x0000000008003930                HAL_CAN_WakeUpFromRxMsgCallback
 .text.HAL_CAN_ErrorCallback
                0x0000000008003942       0x12 ./Drivers/STM32F1xx_HAL_Driver/Src/stm32f1xx_hal_can.o
                0x0000000008003942                HAL_CAN_ErrorCallback
 .text.__NVIC_SetPriorityGrouping
                0x0000000008003954       0x48 ./Drivers/STM32F1xx_HAL_Driver/Src/stm32f1xx_hal_cortex.o
 .text.__NVIC_GetPriorityGrouping
                0x000000000800399c       0x1c ./Drivers/STM32F1xx_HAL_Driver/Src/stm32f1xx_hal_cortex.o
 .text.__NVIC_EnableIRQ
                0x00000000080039b8       0x38 ./Drivers/STM32F1xx_HAL_Driver/Src/stm32f1xx_hal_cortex.o
 .text.__NVIC_SetPriority
                0x00000000080039f0       0x54 ./Drivers/STM32F1xx_HAL_Driver/Src/stm32f1xx_hal_cortex.o
 .text.NVIC_EncodePriority
                0x0000000008003a44       0x64 ./Drivers/STM32F1xx_HAL_Driver/Src/stm32f1xx_hal_cortex.o
 .text.SysTick_Config
                0x0000000008003aa8       0x44 ./Drivers/STM32F1xx_HAL_Driver/Src/stm32f1xx_hal_cortex.o
 .text.HAL_NVIC_SetPriorityGrouping
                0x0000000008003aec       0x16 ./Drivers/STM32F1xx_HAL_Driver/Src/stm32f1xx_hal_cortex.o
                0x0000000008003aec                HAL_NVIC_SetPriorityGrouping
 .text.HAL_NVIC_SetPriority
                0x0000000008003b02       0x38 ./Drivers/STM32F1xx_HAL_Driver/Src/stm32f1xx_hal_cortex.o
                0x0000000008003b02                HAL_NVIC_SetPriority
 .text.HAL_NVIC_EnableIRQ
                0x0000000008003b3a       0x1c ./Drivers/STM32F1xx_HAL_Driver/Src/stm32f1xx_hal_cortex.o
                0x0000000008003b3a                HAL_NVIC_EnableIRQ
 .text.HAL_SYSTICK_Config
                0x0000000008003b56       0x18 ./Drivers/STM32F1xx_HAL_Driver/Src/stm32f1xx_hal_cortex.o
                0x0000000008003b56                HAL_SYSTICK_Config
 *fill*         0x0000000008003b6e        0x2 
 .text.HAL_DMA_Init
                0x0000000008003b70       0xb4 ./Drivers/STM32F1xx_HAL_Driver/Src/stm32f1xx_hal_dma.o
                0x0000000008003b70                HAL_DMA_Init
 .text.HAL_DMA_Start_IT
                0x0000000008003c24       0xc0 ./Drivers/STM32F1xx_HAL_Driver/Src/stm32f1xx_hal_dma.o
                0x0000000008003c24                HAL_DMA_Start_IT
 .text.HAL_DMA_IRQHandler
                0x0000000008003ce4      0x20c ./Drivers/STM32F1xx_HAL_Driver/Src/stm32f1xx_hal_dma.o
                0x0000000008003ce4                HAL_DMA_IRQHandler
 .text.DMA_SetConfig
                0x0000000008003ef0       0x5a ./Drivers/STM32F1xx_HAL_Driver/Src/stm32f1xx_hal_dma.o
 *fill*         0x0000000008003f4a        0x2 
 .text.HAL_GPIO_Init
                0x0000000008003f4c      0x308 ./Drivers/STM32F1xx_HAL_Driver/Src/stm32f1xx_hal_gpio.o
                0x0000000008003f4c                HAL_GPIO_Init
 .text.HAL_GPIO_ReadPin
                0x0000000008004254       0x2e ./Drivers/STM32F1xx_HAL_Driver/Src/stm32f1xx_hal_gpio.o
                0x0000000008004254                HAL_GPIO_ReadPin
 .text.HAL_GPIO_WritePin
                0x0000000008004282       0x30 ./Drivers/STM32F1xx_HAL_Driver/Src/stm32f1xx_hal_gpio.o
                0x0000000008004282                HAL_GPIO_WritePin
 .text.HAL_GPIO_TogglePin
                0x00000000080042b2       0x32 ./Drivers/STM32F1xx_HAL_Driver/Src/stm32f1xx_hal_gpio.o
                0x00000000080042b2                HAL_GPIO_TogglePin
 .text.HAL_I2C_Init
                0x00000000080042e4      0x288 ./Drivers/STM32F1xx_HAL_Driver/Src/stm32f1xx_hal_i2c.o
                0x00000000080042e4                HAL_I2C_Init
 .text.HAL_I2C_Master_Transmit
                0x000000000800456c      0x1fc ./Drivers/STM32F1xx_HAL_Driver/Src/stm32f1xx_hal_i2c.o
                0x000000000800456c                HAL_I2C_Master_Transmit
 .text.I2C_MasterRequestWrite
                0x0000000008004768      0x104 ./Drivers/STM32F1xx_HAL_Driver/Src/stm32f1xx_hal_i2c.o
 .text.I2C_WaitOnFlagUntilTimeout
                0x000000000800486c       0xf4 ./Drivers/STM32F1xx_HAL_Driver/Src/stm32f1xx_hal_i2c.o
 .text.I2C_WaitOnMasterAddressFlagUntilTimeout
                0x0000000008004960      0x140 ./Drivers/STM32F1xx_HAL_Driver/Src/stm32f1xx_hal_i2c.o
 .text.I2C_WaitOnTXEFlagUntilTimeout
                0x0000000008004aa0       0x90 ./Drivers/STM32F1xx_HAL_Driver/Src/stm32f1xx_hal_i2c.o
 .text.I2C_WaitOnBTFFlagUntilTimeout
                0x0000000008004b30       0x90 ./Drivers/STM32F1xx_HAL_Driver/Src/stm32f1xx_hal_i2c.o
 .text.I2C_IsAcknowledgeFailed
                0x0000000008004bc0       0x5c ./Drivers/STM32F1xx_HAL_Driver/Src/stm32f1xx_hal_i2c.o
 .text.HAL_RCC_OscConfig
                0x0000000008004c1c      0x504 ./Drivers/STM32F1xx_HAL_Driver/Src/stm32f1xx_hal_rcc.o
                0x0000000008004c1c                HAL_RCC_OscConfig
 .text.HAL_RCC_ClockConfig
                0x0000000008005120      0x1d4 ./Drivers/STM32F1xx_HAL_Driver/Src/stm32f1xx_hal_rcc.o
                0x0000000008005120                HAL_RCC_ClockConfig
 .text.HAL_RCC_GetSysClockFreq
                0x00000000080052f4       0xa8 ./Drivers/STM32F1xx_HAL_Driver/Src/stm32f1xx_hal_rcc.o
                0x00000000080052f4                HAL_RCC_GetSysClockFreq
 .text.HAL_RCC_GetHCLKFreq
                0x000000000800539c       0x14 ./Drivers/STM32F1xx_HAL_Driver/Src/stm32f1xx_hal_rcc.o
                0x000000000800539c                HAL_RCC_GetHCLKFreq
 .text.HAL_RCC_GetPCLK1Freq
                0x00000000080053b0       0x28 ./Drivers/STM32F1xx_HAL_Driver/Src/stm32f1xx_hal_rcc.o
                0x00000000080053b0                HAL_RCC_GetPCLK1Freq
 .text.RCC_Delay
                0x00000000080053d8       0x3c ./Drivers/STM32F1xx_HAL_Driver/Src/stm32f1xx_hal_rcc.o
 .text.HAL_RCCEx_PeriphCLKConfig
                0x0000000008005414      0x16c ./Drivers/STM32F1xx_HAL_Driver/Src/stm32f1xx_hal_rcc_ex.o
                0x0000000008005414                HAL_RCCEx_PeriphCLKConfig
 .text.HAL_TIM_Encoder_Init
                0x0000000008005580      0x144 ./Drivers/STM32F1xx_HAL_Driver/Src/stm32f1xx_hal_tim.o
                0x0000000008005580                HAL_TIM_Encoder_Init
 .text.HAL_TIM_Encoder_Start_IT
                0x00000000080056c4      0x15c ./Drivers/STM32F1xx_HAL_Driver/Src/stm32f1xx_hal_tim.o
                0x00000000080056c4                HAL_TIM_Encoder_Start_IT
 .text.HAL_TIM_IRQHandler
                0x0000000008005820      0x210 ./Drivers/STM32F1xx_HAL_Driver/Src/stm32f1xx_hal_tim.o
                0x0000000008005820                HAL_TIM_IRQHandler
 .text.HAL_TIM_PeriodElapsedCallback
                0x0000000008005a30       0x12 ./Drivers/STM32F1xx_HAL_Driver/Src/stm32f1xx_hal_tim.o
                0x0000000008005a30                HAL_TIM_PeriodElapsedCallback
 .text.HAL_TIM_OC_DelayElapsedCallback
                0x0000000008005a42       0x12 ./Drivers/STM32F1xx_HAL_Driver/Src/stm32f1xx_hal_tim.o
                0x0000000008005a42                HAL_TIM_OC_DelayElapsedCallback
 .text.HAL_TIM_IC_CaptureCallback
                0x0000000008005a54       0x12 ./Drivers/STM32F1xx_HAL_Driver/Src/stm32f1xx_hal_tim.o
                0x0000000008005a54                HAL_TIM_IC_CaptureCallback
 .text.HAL_TIM_PWM_PulseFinishedCallback
                0x0000000008005a66       0x12 ./Drivers/STM32F1xx_HAL_Driver/Src/stm32f1xx_hal_tim.o
                0x0000000008005a66                HAL_TIM_PWM_PulseFinishedCallback
 .text.HAL_TIM_TriggerCallback
                0x0000000008005a78       0x12 ./Drivers/STM32F1xx_HAL_Driver/Src/stm32f1xx_hal_tim.o
                0x0000000008005a78                HAL_TIM_TriggerCallback
 *fill*         0x0000000008005a8a        0x2 
 .text.TIM_Base_SetConfig
                0x0000000008005a8c       0xc4 ./Drivers/STM32F1xx_HAL_Driver/Src/stm32f1xx_hal_tim.o
                0x0000000008005a8c                TIM_Base_SetConfig
 .text.TIM_CCxChannelCmd
                0x0000000008005b50       0x48 ./Drivers/STM32F1xx_HAL_Driver/Src/stm32f1xx_hal_tim.o
                0x0000000008005b50                TIM_CCxChannelCmd
 .text.HAL_TIMEx_MasterConfigSynchronization
                0x0000000008005b98       0xbc ./Drivers/STM32F1xx_HAL_Driver/Src/stm32f1xx_hal_tim_ex.o
                0x0000000008005b98                HAL_TIMEx_MasterConfigSynchronization
 .text.HAL_TIMEx_CommutCallback
                0x0000000008005c54       0x12 ./Drivers/STM32F1xx_HAL_Driver/Src/stm32f1xx_hal_tim_ex.o
                0x0000000008005c54                HAL_TIMEx_CommutCallback
 .text.HAL_TIMEx_BreakCallback
                0x0000000008005c66       0x12 ./Drivers/STM32F1xx_HAL_Driver/Src/stm32f1xx_hal_tim_ex.o
                0x0000000008005c66                HAL_TIMEx_BreakCallback
 .text.sprintf  0x0000000008005c78       0x40 C:/ST/STM32CubeIDE_1.14.1/STM32CubeIDE/plugins/com.st.stm32cube.ide.mcu.externaltools.gnu-tools-for-stm32.11.3.rel1.win32_1.1.100.202309141235/tools/bin/../lib/gcc/arm-none-eabi/11.3.1/../../../../arm-none-eabi/lib/thumb/v7-m/nofp\libc_nano.a(libc_a-sprintf.o)
                0x0000000008005c78                siprintf
                0x0000000008005c78                sprintf
 .text.memset   0x0000000008005cb8       0x10 C:/ST/STM32CubeIDE_1.14.1/STM32CubeIDE/plugins/com.st.stm32cube.ide.mcu.externaltools.gnu-tools-for-stm32.11.3.rel1.win32_1.1.100.202309141235/tools/bin/../lib/gcc/arm-none-eabi/11.3.1/../../../../arm-none-eabi/lib/thumb/v7-m/nofp\libc_nano.a(libc_a-memset.o)
                0x0000000008005cb8                memset
 .text.__errno  0x0000000008005cc8        0xc C:/ST/STM32CubeIDE_1.14.1/STM32CubeIDE/plugins/com.st.stm32cube.ide.mcu.externaltools.gnu-tools-for-stm32.11.3.rel1.win32_1.1.100.202309141235/tools/bin/../lib/gcc/arm-none-eabi/11.3.1/../../../../arm-none-eabi/lib/thumb/v7-m/nofp\libc_nano.a(libc_a-errno.o)
                0x0000000008005cc8                __errno
 .text.__libc_init_array
                0x0000000008005cd4       0x48 C:/ST/STM32CubeIDE_1.14.1/STM32CubeIDE/plugins/com.st.stm32cube.ide.mcu.externaltools.gnu-tools-for-stm32.11.3.rel1.win32_1.1.100.202309141235/tools/bin/../lib/gcc/arm-none-eabi/11.3.1/../../../../arm-none-eabi/lib/thumb/v7-m/nofp\libc_nano.a(libc_a-init.o)
                0x0000000008005cd4                __libc_init_array
 .text.__retarget_lock_acquire_recursive
                0x0000000008005d1c        0x2 C:/ST/STM32CubeIDE_1.14.1/STM32CubeIDE/plugins/com.st.stm32cube.ide.mcu.externaltools.gnu-tools-for-stm32.11.3.rel1.win32_1.1.100.202309141235/tools/bin/../lib/gcc/arm-none-eabi/11.3.1/../../../../arm-none-eabi/lib/thumb/v7-m/nofp\libc_nano.a(libc_a-lock.o)
                0x0000000008005d1c                __retarget_lock_acquire_recursive
 .text.__retarget_lock_release_recursive
                0x0000000008005d1e        0x2 C:/ST/STM32CubeIDE_1.14.1/STM32CubeIDE/plugins/com.st.stm32cube.ide.mcu.externaltools.gnu-tools-for-stm32.11.3.rel1.win32_1.1.100.202309141235/tools/bin/../lib/gcc/arm-none-eabi/11.3.1/../../../../arm-none-eabi/lib/thumb/v7-m/nofp\libc_nano.a(libc_a-lock.o)
                0x0000000008005d1e                __retarget_lock_release_recursive
 .text._free_r  0x0000000008005d20       0x90 C:/ST/STM32CubeIDE_1.14.1/STM32CubeIDE/plugins/com.st.stm32cube.ide.mcu.externaltools.gnu-tools-for-stm32.11.3.rel1.win32_1.1.100.202309141235/tools/bin/../lib/gcc/arm-none-eabi/11.3.1/../../../../arm-none-eabi/lib/thumb/v7-m/nofp\libc_nano.a(libc_a-freer.o)
                0x0000000008005d20                _free_r
 .text.sbrk_aligned
                0x0000000008005db0       0x40 C:/ST/STM32CubeIDE_1.14.1/STM32CubeIDE/plugins/com.st.stm32cube.ide.mcu.externaltools.gnu-tools-for-stm32.11.3.rel1.win32_1.1.100.202309141235/tools/bin/../lib/gcc/arm-none-eabi/11.3.1/../../../../arm-none-eabi/lib/thumb/v7-m/nofp\libc_nano.a(libc_a-mallocr.o)
 .text._malloc_r
                0x0000000008005df0      0x100 C:/ST/STM32CubeIDE_1.14.1/STM32CubeIDE/plugins/com.st.stm32cube.ide.mcu.externaltools.gnu-tools-for-stm32.11.3.rel1.win32_1.1.100.202309141235/tools/bin/../lib/gcc/arm-none-eabi/11.3.1/../../../../arm-none-eabi/lib/thumb/v7-m/nofp\libc_nano.a(libc_a-mallocr.o)
                0x0000000008005df0                _malloc_r
 .text.__malloc_lock
                0x0000000008005ef0        0xc C:/ST/STM32CubeIDE_1.14.1/STM32CubeIDE/plugins/com.st.stm32cube.ide.mcu.externaltools.gnu-tools-for-stm32.11.3.rel1.win32_1.1.100.202309141235/tools/bin/../lib/gcc/arm-none-eabi/11.3.1/../../../../arm-none-eabi/lib/thumb/v7-m/nofp\libc_nano.a(libc_a-mlock.o)
                0x0000000008005ef0                __malloc_lock
 .text.__malloc_unlock
                0x0000000008005efc        0xc C:/ST/STM32CubeIDE_1.14.1/STM32CubeIDE/plugins/com.st.stm32cube.ide.mcu.externaltools.gnu-tools-for-stm32.11.3.rel1.win32_1.1.100.202309141235/tools/bin/../lib/gcc/arm-none-eabi/11.3.1/../../../../arm-none-eabi/lib/thumb/v7-m/nofp\libc_nano.a(libc_a-mlock.o)
                0x0000000008005efc                __malloc_unlock
 .text.__ssputs_r
                0x0000000008005f08       0xb4 C:/ST/STM32CubeIDE_1.14.1/STM32CubeIDE/plugins/com.st.stm32cube.ide.mcu.externaltools.gnu-tools-for-stm32.11.3.rel1.win32_1.1.100.202309141235/tools/bin/../lib/gcc/arm-none-eabi/11.3.1/../../../../arm-none-eabi/lib/thumb/v7-m/nofp\libc_nano.a(libc_a-nano-svfprintf.o)
                0x0000000008005f08                __ssputs_r
 .text._svfprintf_r
                0x0000000008005fbc      0x1fc C:/ST/STM32CubeIDE_1.14.1/STM32CubeIDE/plugins/com.st.stm32cube.ide.mcu.externaltools.gnu-tools-for-stm32.11.3.rel1.win32_1.1.100.202309141235/tools/bin/../lib/gcc/arm-none-eabi/11.3.1/../../../../arm-none-eabi/lib/thumb/v7-m/nofp\libc_nano.a(libc_a-nano-svfprintf.o)
                0x0000000008005fbc                _svfiprintf_r
                0x0000000008005fbc                _svfprintf_r
 .text._printf_common
                0x00000000080061b8       0xe4 C:/ST/STM32CubeIDE_1.14.1/STM32CubeIDE/plugins/com.st.stm32cube.ide.mcu.externaltools.gnu-tools-for-stm32.11.3.rel1.win32_1.1.100.202309141235/tools/bin/../lib/gcc/arm-none-eabi/11.3.1/../../../../arm-none-eabi/lib/thumb/v7-m/nofp\libc_nano.a(libc_a-nano-vfprintf_i.o)
                0x00000000080061b8                _printf_common
 .text._printf_i
                0x000000000800629c      0x244 C:/ST/STM32CubeIDE_1.14.1/STM32CubeIDE/plugins/com.st.stm32cube.ide.mcu.externaltools.gnu-tools-for-stm32.11.3.rel1.win32_1.1.100.202309141235/tools/bin/../lib/gcc/arm-none-eabi/11.3.1/../../../../arm-none-eabi/lib/thumb/v7-m/nofp\libc_nano.a(libc_a-nano-vfprintf_i.o)
                0x000000000800629c                _printf_i
 .text.memmove  0x00000000080064e0       0x34 C:/ST/STM32CubeIDE_1.14.1/STM32CubeIDE/plugins/com.st.stm32cube.ide.mcu.externaltools.gnu-tools-for-stm32.11.3.rel1.win32_1.1.100.202309141235/tools/bin/../lib/gcc/arm-none-eabi/11.3.1/../../../../arm-none-eabi/lib/thumb/v7-m/nofp\libc_nano.a(libc_a-memmove.o)
                0x00000000080064e0                memmove
 .text._sbrk_r  0x0000000008006514       0x20 C:/ST/STM32CubeIDE_1.14.1/STM32CubeIDE/plugins/com.st.stm32cube.ide.mcu.externaltools.gnu-tools-for-stm32.11.3.rel1.win32_1.1.100.202309141235/tools/bin/../lib/gcc/arm-none-eabi/11.3.1/../../../../arm-none-eabi/lib/thumb/v7-m/nofp\libc_nano.a(libc_a-sbrkr.o)
                0x0000000008006514                _sbrk_r
 .text.memchr   0x0000000008006534       0x1c C:/ST/STM32CubeIDE_1.14.1/STM32CubeIDE/plugins/com.st.stm32cube.ide.mcu.externaltools.gnu-tools-for-stm32.11.3.rel1.win32_1.1.100.202309141235/tools/bin/../lib/gcc/arm-none-eabi/11.3.1/../../../../arm-none-eabi/lib/thumb/v7-m/nofp\libc_nano.a(libc_a-memchr-stub.o)
                0x0000000008006534                memchr
 .text.memcpy   0x0000000008006550       0x1c C:/ST/STM32CubeIDE_1.14.1/STM32CubeIDE/plugins/com.st.stm32cube.ide.mcu.externaltools.gnu-tools-for-stm32.11.3.rel1.win32_1.1.100.202309141235/tools/bin/../lib/gcc/arm-none-eabi/11.3.1/../../../../arm-none-eabi/lib/thumb/v7-m/nofp\libc_nano.a(libc_a-memcpy-stub.o)
                0x0000000008006550                memcpy
 .text._realloc_r
                0x000000000800656c       0x5e C:/ST/STM32CubeIDE_1.14.1/STM32CubeIDE/plugins/com.st.stm32cube.ide.mcu.externaltools.gnu-tools-for-stm32.11.3.rel1.win32_1.1.100.202309141235/tools/bin/../lib/gcc/arm-none-eabi/11.3.1/../../../../arm-none-eabi/lib/thumb/v7-m/nofp\libc_nano.a(libc_a-reallocr.o)
                0x000000000800656c                _realloc_r
 .text._malloc_usable_size_r
                0x00000000080065ca       0x10 C:/ST/STM32CubeIDE_1.14.1/STM32CubeIDE/plugins/com.st.stm32cube.ide.mcu.externaltools.gnu-tools-for-stm32.11.3.rel1.win32_1.1.100.202309141235/tools/bin/../lib/gcc/arm-none-eabi/11.3.1/../../../../arm-none-eabi/lib/thumb/v7-m/nofp\libc_nano.a(libc_a-msizer.o)
                0x00000000080065ca                _malloc_usable_size_r
 *(.glue_7)
 .glue_7        0x00000000080065da        0x0 linker stubs
 *(.glue_7t)
 .glue_7t       0x00000000080065da        0x0 linker stubs
 *(.eh_frame)
 *fill*         0x00000000080065da        0x2 
 .eh_frame      0x00000000080065dc        0x0 C:/ST/STM32CubeIDE_1.14.1/STM32CubeIDE/plugins/com.st.stm32cube.ide.mcu.externaltools.gnu-tools-for-stm32.11.3.rel1.win32_1.1.100.202309141235/tools/bin/../lib/gcc/arm-none-eabi/11.3.1/thumb/v7-m/nofp/crtbegin.o
 *(.init)
 .init          0x00000000080065dc        0x4 C:/ST/STM32CubeIDE_1.14.1/STM32CubeIDE/plugins/com.st.stm32cube.ide.mcu.externaltools.gnu-tools-for-stm32.11.3.rel1.win32_1.1.100.202309141235/tools/bin/../lib/gcc/arm-none-eabi/11.3.1/thumb/v7-m/nofp/crti.o
                0x00000000080065dc                _init
 .init          0x00000000080065e0        0x8 C:/ST/STM32CubeIDE_1.14.1/STM32CubeIDE/plugins/com.st.stm32cube.ide.mcu.externaltools.gnu-tools-for-stm32.11.3.rel1.win32_1.1.100.202309141235/tools/bin/../lib/gcc/arm-none-eabi/11.3.1/thumb/v7-m/nofp/crtn.o
 *(.fini)
 .fini          0x00000000080065e8        0x4 C:/ST/STM32CubeIDE_1.14.1/STM32CubeIDE/plugins/com.st.stm32cube.ide.mcu.externaltools.gnu-tools-for-stm32.11.3.rel1.win32_1.1.100.202309141235/tools/bin/../lib/gcc/arm-none-eabi/11.3.1/thumb/v7-m/nofp/crti.o
                0x00000000080065e8                _fini
 .fini          0x00000000080065ec        0x8 C:/ST/STM32CubeIDE_1.14.1/STM32CubeIDE/plugins/com.st.stm32cube.ide.mcu.externaltools.gnu-tools-for-stm32.11.3.rel1.win32_1.1.100.202309141235/tools/bin/../lib/gcc/arm-none-eabi/11.3.1/thumb/v7-m/nofp/crtn.o
                0x00000000080065f4                . = ALIGN (0x4)
                0x00000000080065f4                _etext = .

.vfp11_veneer   0x00000000080065f4        0x0
 .vfp11_veneer  0x00000000080065f4        0x0 linker stubs

.v4_bx          0x00000000080065f4        0x0
 .v4_bx         0x00000000080065f4        0x0 linker stubs

.iplt           0x00000000080065f4        0x0
 .iplt          0x00000000080065f4        0x0 C:/ST/STM32CubeIDE_1.14.1/STM32CubeIDE/plugins/com.st.stm32cube.ide.mcu.externaltools.gnu-tools-for-stm32.11.3.rel1.win32_1.1.100.202309141235/tools/bin/../lib/gcc/arm-none-eabi/11.3.1/thumb/v7-m/nofp/crtbegin.o

.rodata         0x00000000080065f4      0x19c
                0x00000000080065f4                . = ALIGN (0x4)
 *(.rodata)
 .rodata        0x00000000080065f4       0xe6 ./Core/Src/lcd_i2c.o
 *fill*         0x00000000080066da        0x2 
 .rodata        0x00000000080066dc       0x23 ./Core/Src/main.o
 *fill*         0x00000000080066ff        0x1 
 .rodata        0x0000000008006700       0x2e ./Core/Src/obd.o
 *(.rodata*)
 *fill*         0x000000000800672e        0x2 
 .rodata.AHBPrescTable
                0x0000000008006730       0x10 ./Core/Src/system_stm32f1xx.o
                0x0000000008006730                AHBPrescTable
 .rodata.APBPrescTable
                0x0000000008006740        0x8 ./Core/Src/system_stm32f1xx.o
                0x0000000008006740                APBPrescTable
 .rodata.aPLLMULFactorTable.1
                0x0000000008006748       0x10 ./Drivers/STM32F1xx_HAL_Driver/Src/stm32f1xx_hal_rcc.o
 .rodata.aPredivFactorTable.0
                0x0000000008006758        0x2 ./Drivers/STM32F1xx_HAL_Driver/Src/stm32f1xx_hal_rcc.o
 .rodata._svfprintf_r.str1.1
                0x000000000800675a       0x11 C:/ST/STM32CubeIDE_1.14.1/STM32CubeIDE/plugins/com.st.stm32cube.ide.mcu.externaltools.gnu-tools-for-stm32.11.3.rel1.win32_1.1.100.202309141235/tools/bin/../lib/gcc/arm-none-eabi/11.3.1/../../../../arm-none-eabi/lib/thumb/v7-m/nofp\libc_nano.a(libc_a-nano-svfprintf.o)
 .rodata._printf_i.str1.1
                0x000000000800676b       0x22 C:/ST/STM32CubeIDE_1.14.1/STM32CubeIDE/plugins/com.st.stm32cube.ide.mcu.externaltools.gnu-tools-for-stm32.11.3.rel1.win32_1.1.100.202309141235/tools/bin/../lib/gcc/arm-none-eabi/11.3.1/../../../../arm-none-eabi/lib/thumb/v7-m/nofp\libc_nano.a(libc_a-nano-vfprintf_i.o)
                0x0000000008006790                . = ALIGN (0x4)
 *fill*         0x000000000800678d        0x3 

.rel.dyn        0x0000000008006790        0x0
 .rel.iplt      0x0000000008006790        0x0 C:/ST/STM32CubeIDE_1.14.1/STM32CubeIDE/plugins/com.st.stm32cube.ide.mcu.externaltools.gnu-tools-for-stm32.11.3.rel1.win32_1.1.100.202309141235/tools/bin/../lib/gcc/arm-none-eabi/11.3.1/thumb/v7-m/nofp/crtbegin.o

.ARM.extab      0x0000000008006790        0x0
                0x0000000008006790                . = ALIGN (0x4)
 *(.ARM.extab* .gnu.linkonce.armextab.*)
                0x0000000008006790                . = ALIGN (0x4)

.ARM            0x0000000008006790        0x0
                0x0000000008006790                . = ALIGN (0x4)
                0x0000000008006790                __exidx_start = .
 *(.ARM.exidx*)
                0x0000000008006790                __exidx_end = .
                0x0000000008006790                . = ALIGN (0x4)

.preinit_array  0x0000000008006790        0x0
                0x0000000008006790                . = ALIGN (0x4)
                0x0000000008006790                PROVIDE (__preinit_array_start = .)
 *(.preinit_array*)
                0x0000000008006790                PROVIDE (__preinit_array_end = .)
                0x0000000008006790                . = ALIGN (0x4)

.init_array     0x0000000008006790        0x4
                0x0000000008006790                . = ALIGN (0x4)
                0x0000000008006790                PROVIDE (__init_array_start = .)
 *(SORT_BY_NAME(.init_array.*))
 *(.init_array*)
 .init_array    0x0000000008006790        0x4 C:/ST/STM32CubeIDE_1.14.1/STM32CubeIDE/plugins/com.st.stm32cube.ide.mcu.externaltools.gnu-tools-for-stm32.11.3.rel1.win32_1.1.100.202309141235/tools/bin/../lib/gcc/arm-none-eabi/11.3.1/thumb/v7-m/nofp/crtbegin.o
                0x0000000008006794                PROVIDE (__init_array_end = .)
                0x0000000008006794                . = ALIGN (0x4)

.fini_array     0x0000000008006794        0x4
                0x0000000008006794                . = ALIGN (0x4)
                [!provide]                        PROVIDE (__fini_array_start = .)
 *(SORT_BY_NAME(.fini_array.*))
 *(.fini_array*)
 .fini_array    0x0000000008006794        0x4 C:/ST/STM32CubeIDE_1.14.1/STM32CubeIDE/plugins/com.st.stm32cube.ide.mcu.externaltools.gnu-tools-for-stm32.11.3.rel1.win32_1.1.100.202309141235/tools/bin/../lib/gcc/arm-none-eabi/11.3.1/thumb/v7-m/nofp/crtbegin.o
                [!provide]                        PROVIDE (__fini_array_end = .)
                0x0000000008006798                . = ALIGN (0x4)
                0x0000000008006798                _sidata = LOADADDR (.data)

.data           0x0000000020000000       0xb0 load address 0x0000000008006798
                0x0000000020000000                . = ALIGN (0x4)
                0x0000000020000000                _sdata = .
 *(.data)
 *(.data*)
 .data.menuMainLength
                0x0000000020000000        0x4 ./Core/Src/lcd_i2c.o
                0x0000000020000000                menuMainLength
 .data.optionMenuLength
                0x0000000020000004        0x4 ./Core/Src/lcd_i2c.o
                0x0000000020000004                optionMenuLength
 .data.mode3Length
                0x0000000020000008        0x1 ./Core/Src/lcd_i2c.o
                0x0000000020000008                mode3Length
 *fill*         0x0000000020000009        0x3 
 .data.menu     0x000000002000000c        0xc ./Core/Src/lcd_i2c.o
                0x000000002000000c                menu
 .data.menuMode1
                0x0000000020000018       0x18 ./Core/Src/lcd_i2c.o
                0x0000000020000018                menuMode1
 .data.menuMode2
                0x0000000020000030       0x18 ./Core/Src/lcd_i2c.o
                0x0000000020000030                menuMode2
 .data.menuMode3
                0x0000000020000048        0x8 ./Core/Src/lcd_i2c.o
                0x0000000020000048                menuMode3
 .data.oldPIDValue
                0x0000000020000050        0x4 ./Core/Src/obd.o
                0x0000000020000050                oldPIDValue
 .data.SystemCoreClock
                0x0000000020000054        0x4 ./Core/Src/system_stm32f1xx.o
                0x0000000020000054                SystemCoreClock
 .data.uwTickPrio
                0x0000000020000058        0x4 ./Drivers/STM32F1xx_HAL_Driver/Src/stm32f1xx_hal.o
                0x0000000020000058                uwTickPrio
 .data.uwTickFreq
                0x000000002000005c        0x1 ./Drivers/STM32F1xx_HAL_Driver/Src/stm32f1xx_hal.o
                0x000000002000005c                uwTickFreq
 *fill*         0x000000002000005d        0x3 
 .data._impure_data
                0x0000000020000060       0x4c C:/ST/STM32CubeIDE_1.14.1/STM32CubeIDE/plugins/com.st.stm32cube.ide.mcu.externaltools.gnu-tools-for-stm32.11.3.rel1.win32_1.1.100.202309141235/tools/bin/../lib/gcc/arm-none-eabi/11.3.1/../../../../arm-none-eabi/lib/thumb/v7-m/nofp\libc_nano.a(libc_a-impure.o)
                0x0000000020000060                _impure_data
 .data._impure_ptr
                0x00000000200000ac        0x4 C:/ST/STM32CubeIDE_1.14.1/STM32CubeIDE/plugins/com.st.stm32cube.ide.mcu.externaltools.gnu-tools-for-stm32.11.3.rel1.win32_1.1.100.202309141235/tools/bin/../lib/gcc/arm-none-eabi/11.3.1/../../../../arm-none-eabi/lib/thumb/v7-m/nofp\libc_nano.a(libc_a-impure.o)
                0x00000000200000ac                _impure_ptr
 *(.RamFunc)
 *(.RamFunc*)
                0x00000000200000b0                . = ALIGN (0x4)
                0x00000000200000b0                _edata = .

.igot.plt       0x00000000200000b0        0x0 load address 0x0000000008006848
 .igot.plt      0x00000000200000b0        0x0 C:/ST/STM32CubeIDE_1.14.1/STM32CubeIDE/plugins/com.st.stm32cube.ide.mcu.externaltools.gnu-tools-for-stm32.11.3.rel1.win32_1.1.100.202309141235/tools/bin/../lib/gcc/arm-none-eabi/11.3.1/thumb/v7-m/nofp/crtbegin.o
                0x00000000200000b0                . = ALIGN (0x4)

.bss            0x00000000200000b0      0x348 load address 0x0000000008006848
                0x00000000200000b0                _sbss = .
                0x00000000200000b0                __bss_start__ = _sbss
 *(.bss)
 .bss           0x00000000200000b0       0x1c C:/ST/STM32CubeIDE_1.14.1/STM32CubeIDE/plugins/com.st.stm32cube.ide.mcu.externaltools.gnu-tools-for-stm32.11.3.rel1.win32_1.1.100.202309141235/tools/bin/../lib/gcc/arm-none-eabi/11.3.1/thumb/v7-m/nofp/crtbegin.o
 *(.bss*)
 .bss.adcScanValue
                0x00000000200000cc        0xc ./Core/Src/adc.o
                0x00000000200000cc                adcScanValue
 .bss.adcConvCompleted
                0x00000000200000d8        0x1 ./Core/Src/adc.o
                0x00000000200000d8                adcConvCompleted
 *fill*         0x00000000200000d9        0x3 
 .bss.hadc1     0x00000000200000dc       0x30 ./Core/Src/adc.o
                0x00000000200000dc                hadc1
 .bss.hdma_adc1
                0x000000002000010c       0x44 ./Core/Src/adc.o
                0x000000002000010c                hdma_adc1
 .bss.TxHeader  0x0000000020000150       0x18 ./Core/Src/can.o
                0x0000000020000150                TxHeader
 .bss.RxHeader  0x0000000020000168       0x1c ./Core/Src/can.o
                0x0000000020000168                RxHeader
 .bss.hcan      0x0000000020000184       0x28 ./Core/Src/can.o
                0x0000000020000184                hcan
 .bss.hi2c1     0x00000000200001ac       0x54 ./Core/Src/i2c.o
                0x00000000200001ac                hi2c1
 .bss.curEncPos
                0x0000000020000200        0x4 ./Core/Src/lcd_i2c.o
                0x0000000020000200                curEncPos
 .bss.oldEncPos
                0x0000000020000204        0x4 ./Core/Src/lcd_i2c.o
                0x0000000020000204                oldEncPos
 .bss.stateMenu
                0x0000000020000208        0x1 ./Core/Src/lcd_i2c.o
                0x0000000020000208                stateMenu
 *fill*         0x0000000020000209        0x3 
 .bss.menuMainCnt
                0x000000002000020c        0x4 ./Core/Src/lcd_i2c.o
                0x000000002000020c                menuMainCnt
 .bss.optionSelect
                0x0000000020000210        0x4 ./Core/Src/lcd_i2c.o
                0x0000000020000210                optionSelect
 .bss.mode3Select
                0x0000000020000214        0x1 ./Core/Src/lcd_i2c.o
                0x0000000020000214                mode3Select
 *fill*         0x0000000020000215        0x3 
 .bss.TxData    0x0000000020000218        0x8 ./Core/Src/main.o
                0x0000000020000218                TxData
 .bss.RxData    0x0000000020000220        0x8 ./Core/Src/main.o
                0x0000000020000220                RxData
 .bss.TxMailbox
                0x0000000020000228        0x4 ./Core/Src/main.o
                0x0000000020000228                TxMailbox
 .bss.obd2_data
                0x000000002000022c        0xc ./Core/Src/obd.o
                0x000000002000022c                obd2_data
 .bss.ecuValue  0x0000000020000238       0x10 ./Core/Src/obd.o
                0x0000000020000238                ecuValue
 .bss.numberPID
                0x0000000020000248        0x1 ./Core/Src/obd.o
                0x0000000020000248                numberPID
 *fill*         0x0000000020000249        0x3 
 .bss.PID_data  0x000000002000024c        0x2 ./Core/Src/obd.o
                0x000000002000024c                PID_data
 *fill*         0x000000002000024e        0x2 
 .bss.curPIDValue
                0x0000000020000250        0x4 ./Core/Src/obd.o
                0x0000000020000250                curPIDValue
 .bss.ecuDTC    0x0000000020000254        0x1 ./Core/Src/obd.o
                0x0000000020000254                ecuDTC
 *fill*         0x0000000020000255        0x3 
 .bss.__sbrk_heap_end
                0x0000000020000258        0x4 ./Core/Src/sysmem.o
 .bss.encoder_count
                0x000000002000025c        0x2 ./Core/Src/tim.o
                0x000000002000025c                encoder_count
 *fill*         0x000000002000025e        0x2 
 .bss.last_encoder_count
                0x0000000020000260        0x4 ./Core/Src/tim.o
                0x0000000020000260                last_encoder_count
 .bss.htim2     0x0000000020000264       0x48 ./Core/Src/tim.o
                0x0000000020000264                htim2
 .bss.uwTick    0x00000000200002ac        0x4 ./Drivers/STM32F1xx_HAL_Driver/Src/stm32f1xx_hal.o
                0x00000000200002ac                uwTick
 .bss.__sf      0x00000000200002b0      0x138 C:/ST/STM32CubeIDE_1.14.1/STM32CubeIDE/plugins/com.st.stm32cube.ide.mcu.externaltools.gnu-tools-for-stm32.11.3.rel1.win32_1.1.100.202309141235/tools/bin/../lib/gcc/arm-none-eabi/11.3.1/../../../../arm-none-eabi/lib/thumb/v7-m/nofp\libc_nano.a(libc_a-findfp.o)
                0x00000000200002b0                __sf
 .bss.errno     0x00000000200003e8        0x4 C:/ST/STM32CubeIDE_1.14.1/STM32CubeIDE/plugins/com.st.stm32cube.ide.mcu.externaltools.gnu-tools-for-stm32.11.3.rel1.win32_1.1.100.202309141235/tools/bin/../lib/gcc/arm-none-eabi/11.3.1/../../../../arm-none-eabi/lib/thumb/v7-m/nofp\libc_nano.a(libc_a-reent.o)
                0x00000000200003e8                errno
 .bss.__lock___malloc_recursive_mutex
                0x00000000200003ec        0x1 C:/ST/STM32CubeIDE_1.14.1/STM32CubeIDE/plugins/com.st.stm32cube.ide.mcu.externaltools.gnu-tools-for-stm32.11.3.rel1.win32_1.1.100.202309141235/tools/bin/../lib/gcc/arm-none-eabi/11.3.1/../../../../arm-none-eabi/lib/thumb/v7-m/nofp\libc_nano.a(libc_a-lock.o)
                0x00000000200003ec                __lock___malloc_recursive_mutex
 *fill*         0x00000000200003ed        0x3 
 .bss.__malloc_free_list
                0x00000000200003f0        0x4 C:/ST/STM32CubeIDE_1.14.1/STM32CubeIDE/plugins/com.st.stm32cube.ide.mcu.externaltools.gnu-tools-for-stm32.11.3.rel1.win32_1.1.100.202309141235/tools/bin/../lib/gcc/arm-none-eabi/11.3.1/../../../../arm-none-eabi/lib/thumb/v7-m/nofp\libc_nano.a(libc_a-mallocr.o)
                0x00000000200003f0                __malloc_free_list
 .bss.__malloc_sbrk_start
                0x00000000200003f4        0x4 C:/ST/STM32CubeIDE_1.14.1/STM32CubeIDE/plugins/com.st.stm32cube.ide.mcu.externaltools.gnu-tools-for-stm32.11.3.rel1.win32_1.1.100.202309141235/tools/bin/../lib/gcc/arm-none-eabi/11.3.1/../../../../arm-none-eabi/lib/thumb/v7-m/nofp\libc_nano.a(libc_a-mallocr.o)
                0x00000000200003f4                __malloc_sbrk_start
 *(COMMON)
                0x00000000200003f8                . = ALIGN (0x4)
                0x00000000200003f8                _ebss = .
                0x00000000200003f8                __bss_end__ = _ebss

._user_heap_stack
                0x00000000200003f8      0x600 load address 0x0000000008006848
                0x00000000200003f8                . = ALIGN (0x8)
                [!provide]                        PROVIDE (end = .)
                0x00000000200003f8                PROVIDE (_end = .)
                0x00000000200005f8                . = (. + _Min_Heap_Size)
 *fill*         0x00000000200003f8      0x200 
                0x00000000200009f8                . = (. + _Min_Stack_Size)
 *fill*         0x00000000200005f8      0x400 
                0x00000000200009f8                . = ALIGN (0x8)

/DISCARD/
 libc.a(*)
 libm.a(*)
 libgcc.a(*)

.ARM.attributes
                0x0000000000000000       0x29
 *(.ARM.attributes)
 .ARM.attributes
                0x0000000000000000       0x1d C:/ST/STM32CubeIDE_1.14.1/STM32CubeIDE/plugins/com.st.stm32cube.ide.mcu.externaltools.gnu-tools-for-stm32.11.3.rel1.win32_1.1.100.202309141235/tools/bin/../lib/gcc/arm-none-eabi/11.3.1/thumb/v7-m/nofp/crti.o
 .ARM.attributes
                0x000000000000001d       0x2d C:/ST/STM32CubeIDE_1.14.1/STM32CubeIDE/plugins/com.st.stm32cube.ide.mcu.externaltools.gnu-tools-for-stm32.11.3.rel1.win32_1.1.100.202309141235/tools/bin/../lib/gcc/arm-none-eabi/11.3.1/thumb/v7-m/nofp/crtbegin.o
 .ARM.attributes
                0x000000000000004a       0x2d ./Core/Src/adc.o
 .ARM.attributes
                0x0000000000000077       0x2d ./Core/Src/can.o
 .ARM.attributes
                0x00000000000000a4       0x2d ./Core/Src/dma.o
 .ARM.attributes
                0x00000000000000d1       0x2d ./Core/Src/gpio.o
 .ARM.attributes
                0x00000000000000fe       0x2d ./Core/Src/i2c.o
 .ARM.attributes
                0x000000000000012b       0x2d ./Core/Src/lcd_i2c.o
 .ARM.attributes
                0x0000000000000158       0x2d ./Core/Src/main.o
 .ARM.attributes
                0x0000000000000185       0x2d ./Core/Src/obd.o
 .ARM.attributes
                0x00000000000001b2       0x2d ./Core/Src/stm32f1xx_hal_msp.o
 .ARM.attributes
                0x00000000000001df       0x2d ./Core/Src/stm32f1xx_it.o
 .ARM.attributes
                0x000000000000020c       0x2d ./Core/Src/sysmem.o
 .ARM.attributes
                0x0000000000000239       0x2d ./Core/Src/system_stm32f1xx.o
 .ARM.attributes
                0x0000000000000266       0x2d ./Core/Src/tim.o
 .ARM.attributes
                0x0000000000000293       0x21 ./Core/Startup/startup_stm32f103c8tx.o
 .ARM.attributes
                0x00000000000002b4       0x2d ./Drivers/STM32F1xx_HAL_Driver/Src/stm32f1xx_hal.o
 .ARM.attributes
                0x00000000000002e1       0x2d ./Drivers/STM32F1xx_HAL_Driver/Src/stm32f1xx_hal_adc.o
 .ARM.attributes
                0x000000000000030e       0x2d ./Drivers/STM32F1xx_HAL_Driver/Src/stm32f1xx_hal_can.o
 .ARM.attributes
                0x000000000000033b       0x2d ./Drivers/STM32F1xx_HAL_Driver/Src/stm32f1xx_hal_cortex.o
 .ARM.attributes
                0x0000000000000368       0x2d ./Drivers/STM32F1xx_HAL_Driver/Src/stm32f1xx_hal_dma.o
 .ARM.attributes
                0x0000000000000395       0x2d ./Drivers/STM32F1xx_HAL_Driver/Src/stm32f1xx_hal_gpio.o
 .ARM.attributes
                0x00000000000003c2       0x2d ./Drivers/STM32F1xx_HAL_Driver/Src/stm32f1xx_hal_i2c.o
 .ARM.attributes
                0x00000000000003ef       0x2d ./Drivers/STM32F1xx_HAL_Driver/Src/stm32f1xx_hal_rcc.o
 .ARM.attributes
                0x000000000000041c       0x2d ./Drivers/STM32F1xx_HAL_Driver/Src/stm32f1xx_hal_rcc_ex.o
 .ARM.attributes
                0x0000000000000449       0x2d ./Drivers/STM32F1xx_HAL_Driver/Src/stm32f1xx_hal_tim.o
 .ARM.attributes
                0x0000000000000476       0x2d ./Drivers/STM32F1xx_HAL_Driver/Src/stm32f1xx_hal_tim_ex.o
 .ARM.attributes
                0x00000000000004a3       0x2d C:/ST/STM32CubeIDE_1.14.1/STM32CubeIDE/plugins/com.st.stm32cube.ide.mcu.externaltools.gnu-tools-for-stm32.11.3.rel1.win32_1.1.100.202309141235/tools/bin/../lib/gcc/arm-none-eabi/11.3.1/../../../../arm-none-eabi/lib/thumb/v7-m/nofp\libc_nano.a(libc_a-findfp.o)
 .ARM.attributes
                0x00000000000004d0       0x2d C:/ST/STM32CubeIDE_1.14.1/STM32CubeIDE/plugins/com.st.stm32cube.ide.mcu.externaltools.gnu-tools-for-stm32.11.3.rel1.win32_1.1.100.202309141235/tools/bin/../lib/gcc/arm-none-eabi/11.3.1/../../../../arm-none-eabi/lib/thumb/v7-m/nofp\libc_nano.a(libc_a-sprintf.o)
 .ARM.attributes
                0x00000000000004fd       0x2d C:/ST/STM32CubeIDE_1.14.1/STM32CubeIDE/plugins/com.st.stm32cube.ide.mcu.externaltools.gnu-tools-for-stm32.11.3.rel1.win32_1.1.100.202309141235/tools/bin/../lib/gcc/arm-none-eabi/11.3.1/../../../../arm-none-eabi/lib/thumb/v7-m/nofp\libc_nano.a(libc_a-memset.o)
 .ARM.attributes
                0x000000000000052a       0x2d C:/ST/STM32CubeIDE_1.14.1/STM32CubeIDE/plugins/com.st.stm32cube.ide.mcu.externaltools.gnu-tools-for-stm32.11.3.rel1.win32_1.1.100.202309141235/tools/bin/../lib/gcc/arm-none-eabi/11.3.1/../../../../arm-none-eabi/lib/thumb/v7-m/nofp\libc_nano.a(libc_a-reent.o)
 .ARM.attributes
                0x0000000000000557       0x2d C:/ST/STM32CubeIDE_1.14.1/STM32CubeIDE/plugins/com.st.stm32cube.ide.mcu.externaltools.gnu-tools-for-stm32.11.3.rel1.win32_1.1.100.202309141235/tools/bin/../lib/gcc/arm-none-eabi/11.3.1/../../../../arm-none-eabi/lib/thumb/v7-m/nofp\libc_nano.a(libc_a-impure.o)
 .ARM.attributes
                0x0000000000000584       0x2d C:/ST/STM32CubeIDE_1.14.1/STM32CubeIDE/plugins/com.st.stm32cube.ide.mcu.externaltools.gnu-tools-for-stm32.11.3.rel1.win32_1.1.100.202309141235/tools/bin/../lib/gcc/arm-none-eabi/11.3.1/../../../../arm-none-eabi/lib/thumb/v7-m/nofp\libc_nano.a(libc_a-errno.o)
 .ARM.attributes
                0x00000000000005b1       0x2d C:/ST/STM32CubeIDE_1.14.1/STM32CubeIDE/plugins/com.st.stm32cube.ide.mcu.externaltools.gnu-tools-for-stm32.11.3.rel1.win32_1.1.100.202309141235/tools/bin/../lib/gcc/arm-none-eabi/11.3.1/../../../../arm-none-eabi/lib/thumb/v7-m/nofp\libc_nano.a(libc_a-init.o)
 .ARM.attributes
                0x00000000000005de       0x2d C:/ST/STM32CubeIDE_1.14.1/STM32CubeIDE/plugins/com.st.stm32cube.ide.mcu.externaltools.gnu-tools-for-stm32.11.3.rel1.win32_1.1.100.202309141235/tools/bin/../lib/gcc/arm-none-eabi/11.3.1/../../../../arm-none-eabi/lib/thumb/v7-m/nofp\libc_nano.a(libc_a-lock.o)
 .ARM.attributes
                0x000000000000060b       0x17 C:/ST/STM32CubeIDE_1.14.1/STM32CubeIDE/plugins/com.st.stm32cube.ide.mcu.externaltools.gnu-tools-for-stm32.11.3.rel1.win32_1.1.100.202309141235/tools/bin/../lib/gcc/arm-none-eabi/11.3.1/../../../../arm-none-eabi/lib/thumb/v7-m/nofp\libc_nano.a(libc_a-strlen.o)
 .ARM.attributes
                0x0000000000000622       0x2d C:/ST/STM32CubeIDE_1.14.1/STM32CubeIDE/plugins/com.st.stm32cube.ide.mcu.externaltools.gnu-tools-for-stm32.11.3.rel1.win32_1.1.100.202309141235/tools/bin/../lib/gcc/arm-none-eabi/11.3.1/../../../../arm-none-eabi/lib/thumb/v7-m/nofp\libc_nano.a(libc_a-freer.o)
 .ARM.attributes
                0x000000000000064f       0x2d C:/ST/STM32CubeIDE_1.14.1/STM32CubeIDE/plugins/com.st.stm32cube.ide.mcu.externaltools.gnu-tools-for-stm32.11.3.rel1.win32_1.1.100.202309141235/tools/bin/../lib/gcc/arm-none-eabi/11.3.1/../../../../arm-none-eabi/lib/thumb/v7-m/nofp\libc_nano.a(libc_a-mallocr.o)
 .ARM.attributes
                0x000000000000067c       0x2d C:/ST/STM32CubeIDE_1.14.1/STM32CubeIDE/plugins/com.st.stm32cube.ide.mcu.externaltools.gnu-tools-for-stm32.11.3.rel1.win32_1.1.100.202309141235/tools/bin/../lib/gcc/arm-none-eabi/11.3.1/../../../../arm-none-eabi/lib/thumb/v7-m/nofp\libc_nano.a(libc_a-mlock.o)
 .ARM.attributes
                0x00000000000006a9       0x2d C:/ST/STM32CubeIDE_1.14.1/STM32CubeIDE/plugins/com.st.stm32cube.ide.mcu.externaltools.gnu-tools-for-stm32.11.3.rel1.win32_1.1.100.202309141235/tools/bin/../lib/gcc/arm-none-eabi/11.3.1/../../../../arm-none-eabi/lib/thumb/v7-m/nofp\libc_nano.a(libc_a-nano-svfprintf.o)
 .ARM.attributes
                0x00000000000006d6       0x2d C:/ST/STM32CubeIDE_1.14.1/STM32CubeIDE/plugins/com.st.stm32cube.ide.mcu.externaltools.gnu-tools-for-stm32.11.3.rel1.win32_1.1.100.202309141235/tools/bin/../lib/gcc/arm-none-eabi/11.3.1/../../../../arm-none-eabi/lib/thumb/v7-m/nofp\libc_nano.a(libc_a-nano-vfprintf_i.o)
 .ARM.attributes
                0x0000000000000703       0x2d C:/ST/STM32CubeIDE_1.14.1/STM32CubeIDE/plugins/com.st.stm32cube.ide.mcu.externaltools.gnu-tools-for-stm32.11.3.rel1.win32_1.1.100.202309141235/tools/bin/../lib/gcc/arm-none-eabi/11.3.1/../../../../arm-none-eabi/lib/thumb/v7-m/nofp\libc_nano.a(libc_a-memmove.o)
 .ARM.attributes
                0x0000000000000730       0x2d C:/ST/STM32CubeIDE_1.14.1/STM32CubeIDE/plugins/com.st.stm32cube.ide.mcu.externaltools.gnu-tools-for-stm32.11.3.rel1.win32_1.1.100.202309141235/tools/bin/../lib/gcc/arm-none-eabi/11.3.1/../../../../arm-none-eabi/lib/thumb/v7-m/nofp\libc_nano.a(libc_a-sbrkr.o)
 .ARM.attributes
                0x000000000000075d       0x2d C:/ST/STM32CubeIDE_1.14.1/STM32CubeIDE/plugins/com.st.stm32cube.ide.mcu.externaltools.gnu-tools-for-stm32.11.3.rel1.win32_1.1.100.202309141235/tools/bin/../lib/gcc/arm-none-eabi/11.3.1/../../../../arm-none-eabi/lib/thumb/v7-m/nofp\libc_nano.a(libc_a-memchr-stub.o)
 .ARM.attributes
                0x000000000000078a       0x2d C:/ST/STM32CubeIDE_1.14.1/STM32CubeIDE/plugins/com.st.stm32cube.ide.mcu.externaltools.gnu-tools-for-stm32.11.3.rel1.win32_1.1.100.202309141235/tools/bin/../lib/gcc/arm-none-eabi/11.3.1/../../../../arm-none-eabi/lib/thumb/v7-m/nofp\libc_nano.a(libc_a-memcpy-stub.o)
 .ARM.attributes
                0x00000000000007b7       0x2d C:/ST/STM32CubeIDE_1.14.1/STM32CubeIDE/plugins/com.st.stm32cube.ide.mcu.externaltools.gnu-tools-for-stm32.11.3.rel1.win32_1.1.100.202309141235/tools/bin/../lib/gcc/arm-none-eabi/11.3.1/../../../../arm-none-eabi/lib/thumb/v7-m/nofp\libc_nano.a(libc_a-reallocr.o)
 .ARM.attributes
                0x00000000000007e4       0x2d C:/ST/STM32CubeIDE_1.14.1/STM32CubeIDE/plugins/com.st.stm32cube.ide.mcu.externaltools.gnu-tools-for-stm32.11.3.rel1.win32_1.1.100.202309141235/tools/bin/../lib/gcc/arm-none-eabi/11.3.1/../../../../arm-none-eabi/lib/thumb/v7-m/nofp\libc_nano.a(libc_a-msizer.o)
 .ARM.attributes
                0x0000000000000811       0x1d C:/ST/STM32CubeIDE_1.14.1/STM32CubeIDE/plugins/com.st.stm32cube.ide.mcu.externaltools.gnu-tools-for-stm32.11.3.rel1.win32_1.1.100.202309141235/tools/bin/../lib/gcc/arm-none-eabi/11.3.1/thumb/v7-m/nofp\libgcc.a(_arm_addsubdf3.o)
 .ARM.attributes
                0x000000000000082e       0x1d C:/ST/STM32CubeIDE_1.14.1/STM32CubeIDE/plugins/com.st.stm32cube.ide.mcu.externaltools.gnu-tools-for-stm32.11.3.rel1.win32_1.1.100.202309141235/tools/bin/../lib/gcc/arm-none-eabi/11.3.1/thumb/v7-m/nofp\libgcc.a(_arm_addsubsf3.o)
 .ARM.attributes
                0x000000000000084b       0x1d C:/ST/STM32CubeIDE_1.14.1/STM32CubeIDE/plugins/com.st.stm32cube.ide.mcu.externaltools.gnu-tools-for-stm32.11.3.rel1.win32_1.1.100.202309141235/tools/bin/../lib/gcc/arm-none-eabi/11.3.1/thumb/v7-m/nofp\libgcc.a(_arm_muldivsf3.o)
 .ARM.attributes
                0x0000000000000868       0x1d C:/ST/STM32CubeIDE_1.14.1/STM32CubeIDE/plugins/com.st.stm32cube.ide.mcu.externaltools.gnu-tools-for-stm32.11.3.rel1.win32_1.1.100.202309141235/tools/bin/../lib/gcc/arm-none-eabi/11.3.1/thumb/v7-m/nofp\libgcc.a(_arm_cmpsf2.o)
 .ARM.attributes
                0x0000000000000885       0x1d C:/ST/STM32CubeIDE_1.14.1/STM32CubeIDE/plugins/com.st.stm32cube.ide.mcu.externaltools.gnu-tools-for-stm32.11.3.rel1.win32_1.1.100.202309141235/tools/bin/../lib/gcc/arm-none-eabi/11.3.1/thumb/v7-m/nofp/crtn.o
OUTPUT(ecu_simulator.elf elf32-littlearm)
LOAD linker stubs
LOAD C:/ST/STM32CubeIDE_1.14.1/STM32CubeIDE/plugins/com.st.stm32cube.ide.mcu.externaltools.gnu-tools-for-stm32.11.3.rel1.win32_1.1.100.202309141235/tools/bin/../lib/gcc/arm-none-eabi/11.3.1/../../../../arm-none-eabi/lib/thumb/v7-m/nofp\libc.a
LOAD C:/ST/STM32CubeIDE_1.14.1/STM32CubeIDE/plugins/com.st.stm32cube.ide.mcu.externaltools.gnu-tools-for-stm32.11.3.rel1.win32_1.1.100.202309141235/tools/bin/../lib/gcc/arm-none-eabi/11.3.1/../../../../arm-none-eabi/lib/thumb/v7-m/nofp\libm.a
LOAD C:/ST/STM32CubeIDE_1.14.1/STM32CubeIDE/plugins/com.st.stm32cube.ide.mcu.externaltools.gnu-tools-for-stm32.11.3.rel1.win32_1.1.100.202309141235/tools/bin/../lib/gcc/arm-none-eabi/11.3.1/thumb/v7-m/nofp\libgcc.a

.comment        0x0000000000000000       0x43
 .comment       0x0000000000000000       0x43 C:/ST/STM32CubeIDE_1.14.1/STM32CubeIDE/plugins/com.st.stm32cube.ide.mcu.externaltools.gnu-tools-for-stm32.11.3.rel1.win32_1.1.100.202309141235/tools/bin/../lib/gcc/arm-none-eabi/11.3.1/thumb/v7-m/nofp/crtbegin.o
                                         0x44 (size before relaxing)
 .comment       0x0000000000000043       0x44 ./Core/Src/adc.o
 .comment       0x0000000000000043       0x44 ./Core/Src/can.o
 .comment       0x0000000000000043       0x44 ./Core/Src/dma.o
 .comment       0x0000000000000043       0x44 ./Core/Src/gpio.o
 .comment       0x0000000000000043       0x44 ./Core/Src/i2c.o
 .comment       0x0000000000000043       0x44 ./Core/Src/lcd_i2c.o
 .comment       0x0000000000000043       0x44 ./Core/Src/main.o
 .comment       0x0000000000000043       0x44 ./Core/Src/obd.o
 .comment       0x0000000000000043       0x44 ./Core/Src/stm32f1xx_hal_msp.o
 .comment       0x0000000000000043       0x44 ./Core/Src/stm32f1xx_it.o
 .comment       0x0000000000000043       0x44 ./Core/Src/sysmem.o
 .comment       0x0000000000000043       0x44 ./Core/Src/system_stm32f1xx.o
 .comment       0x0000000000000043       0x44 ./Core/Src/tim.o
 .comment       0x0000000000000043       0x44 ./Drivers/STM32F1xx_HAL_Driver/Src/stm32f1xx_hal.o
 .comment       0x0000000000000043       0x44 ./Drivers/STM32F1xx_HAL_Driver/Src/stm32f1xx_hal_adc.o
 .comment       0x0000000000000043       0x44 ./Drivers/STM32F1xx_HAL_Driver/Src/stm32f1xx_hal_can.o
 .comment       0x0000000000000043       0x44 ./Drivers/STM32F1xx_HAL_Driver/Src/stm32f1xx_hal_cortex.o
 .comment       0x0000000000000043       0x44 ./Drivers/STM32F1xx_HAL_Driver/Src/stm32f1xx_hal_dma.o
 .comment       0x0000000000000043       0x44 ./Drivers/STM32F1xx_HAL_Driver/Src/stm32f1xx_hal_gpio.o
 .comment       0x0000000000000043       0x44 ./Drivers/STM32F1xx_HAL_Driver/Src/stm32f1xx_hal_i2c.o
 .comment       0x0000000000000043       0x44 ./Drivers/STM32F1xx_HAL_Driver/Src/stm32f1xx_hal_rcc.o
 .comment       0x0000000000000043       0x44 ./Drivers/STM32F1xx_HAL_Driver/Src/stm32f1xx_hal_rcc_ex.o
 .comment       0x0000000000000043       0x44 ./Drivers/STM32F1xx_HAL_Driver/Src/stm32f1xx_hal_tim.o
 .comment       0x0000000000000043       0x44 ./Drivers/STM32F1xx_HAL_Driver/Src/stm32f1xx_hal_tim_ex.o

.debug_info     0x0000000000000000    0x111ab
 .debug_info    0x0000000000000000      0x90e ./Core/Src/adc.o
 .debug_info    0x000000000000090e      0xc40 ./Core/Src/can.o
 .debug_info    0x000000000000154e      0x2e4 ./Core/Src/dma.o
 .debug_info    0x0000000000001832      0x383 ./Core/Src/gpio.o
 .debug_info    0x0000000000001bb5      0x7f8 ./Core/Src/i2c.o
 .debug_info    0x00000000000023ad      0xb0f ./Core/Src/lcd_i2c.o
 .debug_info    0x0000000000002ebc     0x1107 ./Core/Src/main.o
 .debug_info    0x0000000000003fc3      0xda4 ./Core/Src/obd.o
 .debug_info    0x0000000000004d67      0x206 ./Core/Src/stm32f1xx_hal_msp.o
 .debug_info    0x0000000000004f6d      0xab2 ./Core/Src/stm32f1xx_it.o
 .debug_info    0x0000000000005a1f      0x168 ./Core/Src/sysmem.o
 .debug_info    0x0000000000005b87      0x222 ./Core/Src/system_stm32f1xx.o
 .debug_info    0x0000000000005da9      0xbe0 ./Core/Src/tim.o
 .debug_info    0x0000000000006989       0x23 ./Core/Startup/startup_stm32f103c8tx.o
 .debug_info    0x00000000000069ac      0x704 ./Drivers/STM32F1xx_HAL_Driver/Src/stm32f1xx_hal.o
 .debug_info    0x00000000000070b0      0xc50 ./Drivers/STM32F1xx_HAL_Driver/Src/stm32f1xx_hal_adc.o
 .debug_info    0x0000000000007d00      0xf27 ./Drivers/STM32F1xx_HAL_Driver/Src/stm32f1xx_hal_can.o
 .debug_info    0x0000000000008c27      0xa87 ./Drivers/STM32F1xx_HAL_Driver/Src/stm32f1xx_hal_cortex.o
 .debug_info    0x00000000000096ae      0x6d2 ./Drivers/STM32F1xx_HAL_Driver/Src/stm32f1xx_hal_dma.o
 .debug_info    0x0000000000009d80      0x5ab ./Drivers/STM32F1xx_HAL_Driver/Src/stm32f1xx_hal_gpio.o
 .debug_info    0x000000000000a32b     0x2515 ./Drivers/STM32F1xx_HAL_Driver/Src/stm32f1xx_hal_i2c.o
 .debug_info    0x000000000000c840      0x7d5 ./Drivers/STM32F1xx_HAL_Driver/Src/stm32f1xx_hal_rcc.o
 .debug_info    0x000000000000d015      0x3c0 ./Drivers/STM32F1xx_HAL_Driver/Src/stm32f1xx_hal_rcc_ex.o
 .debug_info    0x000000000000d3d5     0x293b ./Drivers/STM32F1xx_HAL_Driver/Src/stm32f1xx_hal_tim.o
 .debug_info    0x000000000000fd10     0x149b ./Drivers/STM32F1xx_HAL_Driver/Src/stm32f1xx_hal_tim_ex.o

.debug_abbrev   0x0000000000000000     0x3111
 .debug_abbrev  0x0000000000000000      0x240 ./Core/Src/adc.o
 .debug_abbrev  0x0000000000000240      0x27f ./Core/Src/can.o
 .debug_abbrev  0x00000000000004bf       0xfc ./Core/Src/dma.o
 .debug_abbrev  0x00000000000005bb      0x195 ./Core/Src/gpio.o
 .debug_abbrev  0x0000000000000750      0x1de ./Core/Src/i2c.o
 .debug_abbrev  0x000000000000092e      0x29c ./Core/Src/lcd_i2c.o
 .debug_abbrev  0x0000000000000bca      0x288 ./Core/Src/main.o
 .debug_abbrev  0x0000000000000e52      0x297 ./Core/Src/obd.o
 .debug_abbrev  0x00000000000010e9       0xdb ./Core/Src/stm32f1xx_hal_msp.o
 .debug_abbrev  0x00000000000011c4      0x1ec ./Core/Src/stm32f1xx_it.o
 .debug_abbrev  0x00000000000013b0       0xbc ./Core/Src/sysmem.o
 .debug_abbrev  0x000000000000146c      0x13f ./Core/Src/system_stm32f1xx.o
 .debug_abbrev  0x00000000000015ab      0x25d ./Core/Src/tim.o
 .debug_abbrev  0x0000000000001808       0x12 ./Core/Startup/startup_stm32f103c8tx.o
 .debug_abbrev  0x000000000000181a      0x201 ./Drivers/STM32F1xx_HAL_Driver/Src/stm32f1xx_hal.o
 .debug_abbrev  0x0000000000001a1b      0x225 ./Drivers/STM32F1xx_HAL_Driver/Src/stm32f1xx_hal_adc.o
 .debug_abbrev  0x0000000000001c40      0x22d ./Drivers/STM32F1xx_HAL_Driver/Src/stm32f1xx_hal_can.o
 .debug_abbrev  0x0000000000001e6d      0x2f8 ./Drivers/STM32F1xx_HAL_Driver/Src/stm32f1xx_hal_cortex.o
 .debug_abbrev  0x0000000000002165      0x20b ./Drivers/STM32F1xx_HAL_Driver/Src/stm32f1xx_hal_dma.o
 .debug_abbrev  0x0000000000002370      0x1ca ./Drivers/STM32F1xx_HAL_Driver/Src/stm32f1xx_hal_gpio.o
 .debug_abbrev  0x000000000000253a      0x2a3 ./Drivers/STM32F1xx_HAL_Driver/Src/stm32f1xx_hal_i2c.o
 .debug_abbrev  0x00000000000027dd      0x2b3 ./Drivers/STM32F1xx_HAL_Driver/Src/stm32f1xx_hal_rcc.o
 .debug_abbrev  0x0000000000002a90      0x188 ./Drivers/STM32F1xx_HAL_Driver/Src/stm32f1xx_hal_rcc_ex.o
 .debug_abbrev  0x0000000000002c18      0x277 ./Drivers/STM32F1xx_HAL_Driver/Src/stm32f1xx_hal_tim.o
 .debug_abbrev  0x0000000000002e8f      0x282 ./Drivers/STM32F1xx_HAL_Driver/Src/stm32f1xx_hal_tim_ex.o

.debug_aranges  0x0000000000000000     0x10e0
 .debug_aranges
                0x0000000000000000       0x48 ./Core/Src/adc.o
 .debug_aranges
                0x0000000000000048       0x68 ./Core/Src/can.o
 .debug_aranges
                0x00000000000000b0       0x20 ./Core/Src/dma.o
 .debug_aranges
                0x00000000000000d0       0x28 ./Core/Src/gpio.o
 .debug_aranges
                0x00000000000000f8       0x30 ./Core/Src/i2c.o
 .debug_aranges
                0x0000000000000128       0x80 ./Core/Src/lcd_i2c.o
 .debug_aranges
                0x00000000000001a8       0x30 ./Core/Src/main.o
 .debug_aranges
                0x00000000000001d8       0x48 ./Core/Src/obd.o
 .debug_aranges
                0x0000000000000220       0x20 ./Core/Src/stm32f1xx_hal_msp.o
 .debug_aranges
                0x0000000000000240       0x78 ./Core/Src/stm32f1xx_it.o
 .debug_aranges
                0x00000000000002b8       0x20 ./Core/Src/sysmem.o
 .debug_aranges
                0x00000000000002d8       0x28 ./Core/Src/system_stm32f1xx.o
 .debug_aranges
                0x0000000000000300       0x38 ./Core/Src/tim.o
 .debug_aranges
                0x0000000000000338       0x28 ./Core/Startup/startup_stm32f103c8tx.o
 .debug_aranges
                0x0000000000000360       0xe0 ./Drivers/STM32F1xx_HAL_Driver/Src/stm32f1xx_hal.o
 .debug_aranges
                0x0000000000000440       0xf0 ./Drivers/STM32F1xx_HAL_Driver/Src/stm32f1xx_hal_adc.o
 .debug_aranges
                0x0000000000000530      0x138 ./Drivers/STM32F1xx_HAL_Driver/Src/stm32f1xx_hal_can.o
 .debug_aranges
                0x0000000000000668      0x100 ./Drivers/STM32F1xx_HAL_Driver/Src/stm32f1xx_hal_cortex.o
 .debug_aranges
                0x0000000000000768       0x80 ./Drivers/STM32F1xx_HAL_Driver/Src/stm32f1xx_hal_dma.o
 .debug_aranges
                0x00000000000007e8       0x58 ./Drivers/STM32F1xx_HAL_Driver/Src/stm32f1xx_hal_gpio.o
 .debug_aranges
                0x0000000000000840      0x2a8 ./Drivers/STM32F1xx_HAL_Driver/Src/stm32f1xx_hal_i2c.o
 .debug_aranges
                0x0000000000000ae8       0x90 ./Drivers/STM32F1xx_HAL_Driver/Src/stm32f1xx_hal_rcc.o
 .debug_aranges
                0x0000000000000b78       0x30 ./Drivers/STM32F1xx_HAL_Driver/Src/stm32f1xx_hal_rcc_ex.o
 .debug_aranges
                0x0000000000000ba8      0x3d0 ./Drivers/STM32F1xx_HAL_Driver/Src/stm32f1xx_hal_tim.o
 .debug_aranges
                0x0000000000000f78      0x168 ./Drivers/STM32F1xx_HAL_Driver/Src/stm32f1xx_hal_tim_ex.o

.debug_rnglists
                0x0000000000000000      0xd07
 .debug_rnglists
                0x0000000000000000       0x33 ./Core/Src/adc.o
 .debug_rnglists
                0x0000000000000033       0x4b ./Core/Src/can.o
 .debug_rnglists
                0x000000000000007e       0x13 ./Core/Src/dma.o
 .debug_rnglists
                0x0000000000000091       0x1a ./Core/Src/gpio.o
 .debug_rnglists
                0x00000000000000ab       0x1f ./Core/Src/i2c.o
 .debug_rnglists
                0x00000000000000ca       0x5f ./Core/Src/lcd_i2c.o
 .debug_rnglists
                0x0000000000000129       0x21 ./Core/Src/main.o
 .debug_rnglists
                0x000000000000014a       0x35 ./Core/Src/obd.o
 .debug_rnglists
                0x000000000000017f       0x13 ./Core/Src/stm32f1xx_hal_msp.o
 .debug_rnglists
                0x0000000000000192       0x55 ./Core/Src/stm32f1xx_it.o
 .debug_rnglists
                0x00000000000001e7       0x13 ./Core/Src/sysmem.o
 .debug_rnglists
                0x00000000000001fa       0x1a ./Core/Src/system_stm32f1xx.o
 .debug_rnglists
                0x0000000000000214       0x27 ./Core/Src/tim.o
 .debug_rnglists
                0x000000000000023b       0x19 ./Core/Startup/startup_stm32f103c8tx.o
 .debug_rnglists
                0x0000000000000254       0xa3 ./Drivers/STM32F1xx_HAL_Driver/Src/stm32f1xx_hal.o
 .debug_rnglists
                0x00000000000002f7       0xbc ./Drivers/STM32F1xx_HAL_Driver/Src/stm32f1xx_hal_adc.o
 .debug_rnglists
                0x00000000000003b3       0xee ./Drivers/STM32F1xx_HAL_Driver/Src/stm32f1xx_hal_can.o
 .debug_rnglists
                0x00000000000004a1       0xbb ./Drivers/STM32F1xx_HAL_Driver/Src/stm32f1xx_hal_cortex.o
 .debug_rnglists
                0x000000000000055c       0x64 ./Drivers/STM32F1xx_HAL_Driver/Src/stm32f1xx_hal_dma.o
 .debug_rnglists
                0x00000000000005c0       0x3f ./Drivers/STM32F1xx_HAL_Driver/Src/stm32f1xx_hal_gpio.o
 .debug_rnglists
                0x00000000000005ff      0x23c ./Drivers/STM32F1xx_HAL_Driver/Src/stm32f1xx_hal_i2c.o
 .debug_rnglists
                0x000000000000083b       0x6c ./Drivers/STM32F1xx_HAL_Driver/Src/stm32f1xx_hal_rcc.o
 .debug_rnglists
                0x00000000000008a7       0x21 ./Drivers/STM32F1xx_HAL_Driver/Src/stm32f1xx_hal_rcc_ex.o
 .debug_rnglists
                0x00000000000008c8      0x31a ./Drivers/STM32F1xx_HAL_Driver/Src/stm32f1xx_hal_tim.o
 .debug_rnglists
                0x0000000000000be2      0x125 ./Drivers/STM32F1xx_HAL_Driver/Src/stm32f1xx_hal_tim_ex.o

.debug_macro    0x0000000000000000    0x1adee
 .debug_macro   0x0000000000000000      0x36b ./Core/Src/adc.o
 .debug_macro   0x000000000000036b      0xa9c ./Core/Src/adc.o
 .debug_macro   0x0000000000000e07      0x22d ./Core/Src/adc.o
 .debug_macro   0x0000000000001034       0x2e ./Core/Src/adc.o
 .debug_macro   0x0000000000001062       0x22 ./Core/Src/adc.o
 .debug_macro   0x0000000000001084       0x22 ./Core/Src/adc.o
 .debug_macro   0x00000000000010a6       0x8e ./Core/Src/adc.o
 .debug_macro   0x0000000000001134       0x51 ./Core/Src/adc.o
 .debug_macro   0x0000000000001185      0x103 ./Core/Src/adc.o
 .debug_macro   0x0000000000001288       0x6a ./Core/Src/adc.o
 .debug_macro   0x00000000000012f2      0x1df ./Core/Src/adc.o
 .debug_macro   0x00000000000014d1       0x1c ./Core/Src/adc.o
 .debug_macro   0x00000000000014ed       0x22 ./Core/Src/adc.o
 .debug_macro   0x000000000000150f       0xbd ./Core/Src/adc.o
 .debug_macro   0x00000000000015cc      0xd23 ./Core/Src/adc.o
 .debug_macro   0x00000000000022ef     0xe09e ./Core/Src/adc.o
 .debug_macro   0x000000000001038d       0x6d ./Core/Src/adc.o
 .debug_macro   0x00000000000103fa     0x348d ./Core/Src/adc.o
 .debug_macro   0x0000000000013887      0x174 ./Core/Src/adc.o
 .debug_macro   0x00000000000139fb       0x5c ./Core/Src/adc.o
 .debug_macro   0x0000000000013a57      0x5bc ./Core/Src/adc.o
 .debug_macro   0x0000000000014013      0x289 ./Core/Src/adc.o
 .debug_macro   0x000000000001429c      0x1cb ./Core/Src/adc.o
 .debug_macro   0x0000000000014467      0x114 ./Core/Src/adc.o
 .debug_macro   0x000000000001457b      0x1b2 ./Core/Src/adc.o
 .debug_macro   0x000000000001472d       0x27 ./Core/Src/adc.o
 .debug_macro   0x0000000000014754      0x136 ./Core/Src/adc.o
 .debug_macro   0x000000000001488a      0x1bc ./Core/Src/adc.o
 .debug_macro   0x0000000000014a46       0x34 ./Core/Src/adc.o
 .debug_macro   0x0000000000014a7a       0x3c ./Core/Src/adc.o
 .debug_macro   0x0000000000014ab6      0x408 ./Core/Src/adc.o
 .debug_macro   0x0000000000014ebe       0x57 ./Core/Src/adc.o
 .debug_macro   0x0000000000014f15      0x46a ./Core/Src/adc.o
 .debug_macro   0x000000000001537f      0x1b5 ./Core/Src/adc.o
 .debug_macro   0x0000000000015534       0x87 ./Core/Src/adc.o
 .debug_macro   0x00000000000155bb      0x240 ./Core/Src/adc.o
 .debug_macro   0x00000000000157fb      0x287 ./Core/Src/adc.o
 .debug_macro   0x0000000000015a82      0x140 ./Core/Src/adc.o
 .debug_macro   0x0000000000015bc2      0x8ed ./Core/Src/adc.o
 .debug_macro   0x00000000000164af       0x83 ./Core/Src/adc.o
 .debug_macro   0x0000000000016532       0x61 ./Core/Src/adc.o
 .debug_macro   0x0000000000016593       0x24 ./Core/Src/adc.o
 .debug_macro   0x00000000000165b7       0x43 ./Core/Src/adc.o
 .debug_macro   0x00000000000165fa       0x34 ./Core/Src/adc.o
 .debug_macro   0x000000000001662e       0x16 ./Core/Src/adc.o
 .debug_macro   0x0000000000016644       0x35 ./Core/Src/adc.o
 .debug_macro   0x0000000000016679      0x369 ./Core/Src/adc.o
 .debug_macro   0x00000000000169e2       0x10 ./Core/Src/adc.o
 .debug_macro   0x00000000000169f2       0x16 ./Core/Src/adc.o
 .debug_macro   0x0000000000016a08       0x43 ./Core/Src/adc.o
 .debug_macro   0x0000000000016a4b       0x34 ./Core/Src/adc.o
 .debug_macro   0x0000000000016a7f       0x10 ./Core/Src/adc.o
 .debug_macro   0x0000000000016a8f       0x58 ./Core/Src/adc.o
 .debug_macro   0x0000000000016ae7       0x8e ./Core/Src/adc.o
 .debug_macro   0x0000000000016b75       0x1c ./Core/Src/adc.o
 .debug_macro   0x0000000000016b91      0x177 ./Core/Src/adc.o
 .debug_macro   0x0000000000016d08       0x16 ./Core/Src/adc.o
 .debug_macro   0x0000000000016d1e       0x16 ./Core/Src/adc.o
 .debug_macro   0x0000000000016d34      0x147 ./Core/Src/adc.o
 .debug_macro   0x0000000000016e7b       0x16 ./Core/Src/adc.o
 .debug_macro   0x0000000000016e91       0x16 ./Core/Src/adc.o
 .debug_macro   0x0000000000016ea7       0x29 ./Core/Src/adc.o
 .debug_macro   0x0000000000016ed0      0x19b ./Core/Src/adc.o
 .debug_macro   0x000000000001706b       0x16 ./Core/Src/adc.o
 .debug_macro   0x0000000000017081       0x20 ./Core/Src/adc.o
 .debug_macro   0x00000000000170a1       0x22 ./Core/Src/adc.o
 .debug_macro   0x00000000000170c3       0x10 ./Core/Src/adc.o
 .debug_macro   0x00000000000170d3       0x3c ./Core/Src/adc.o
 .debug_macro   0x000000000001710f       0x4c ./Core/Src/adc.o
 .debug_macro   0x000000000001715b       0x16 ./Core/Src/adc.o
 .debug_macro   0x0000000000017171       0x16 ./Core/Src/adc.o
 .debug_macro   0x0000000000017187      0x35c ./Core/Src/can.o
 .debug_macro   0x00000000000174e3       0x76 ./Core/Src/can.o
 .debug_macro   0x0000000000017559      0x36b ./Core/Src/dma.o
 .debug_macro   0x00000000000178c4      0x35c ./Core/Src/gpio.o
 .debug_macro   0x0000000000017c20       0x10 ./Core/Src/gpio.o
 .debug_macro   0x0000000000017c30      0x353 ./Core/Src/i2c.o
 .debug_macro   0x0000000000017f83      0x36c ./Core/Src/lcd_i2c.o
 .debug_macro   0x00000000000182ef      0x3ad ./Core/Src/main.o
 .debug_macro   0x000000000001869c      0x397 ./Core/Src/obd.o
 .debug_macro   0x0000000000018a33       0x70 ./Core/Src/obd.o
 .debug_macro   0x0000000000018aa3      0x349 ./Core/Src/stm32f1xx_hal_msp.o
 .debug_macro   0x0000000000018dec      0x353 ./Core/Src/stm32f1xx_it.o
 .debug_macro   0x000000000001913f       0xff ./Core/Src/sysmem.o
 .debug_macro   0x000000000001923e      0x23c ./Core/Src/sysmem.o
 .debug_macro   0x000000000001947a      0x1c1 ./Core/Src/system_stm32f1xx.o
 .debug_macro   0x000000000001963b      0x353 ./Core/Src/tim.o
 .debug_macro   0x000000000001998e      0x1e5 ./Drivers/STM32F1xx_HAL_Driver/Src/stm32f1xx_hal.o
 .debug_macro   0x0000000000019b73      0x1de ./Drivers/STM32F1xx_HAL_Driver/Src/stm32f1xx_hal_adc.o
 .debug_macro   0x0000000000019d51      0x1c9 ./Drivers/STM32F1xx_HAL_Driver/Src/stm32f1xx_hal_can.o
 .debug_macro   0x0000000000019f1a      0x1c1 ./Drivers/STM32F1xx_HAL_Driver/Src/stm32f1xx_hal_cortex.o
 .debug_macro   0x000000000001a0db      0x1c1 ./Drivers/STM32F1xx_HAL_Driver/Src/stm32f1xx_hal_dma.o
 .debug_macro   0x000000000001a29c      0x22c ./Drivers/STM32F1xx_HAL_Driver/Src/stm32f1xx_hal_gpio.o
 .debug_macro   0x000000000001a4c8      0x20f ./Drivers/STM32F1xx_HAL_Driver/Src/stm32f1xx_hal_i2c.o
 .debug_macro   0x000000000001a6d7      0x1d3 ./Drivers/STM32F1xx_HAL_Driver/Src/stm32f1xx_hal_rcc.o
 .debug_macro   0x000000000001a8aa      0x1c1 ./Drivers/STM32F1xx_HAL_Driver/Src/stm32f1xx_hal_rcc_ex.o
 .debug_macro   0x000000000001aa6b      0x1c2 ./Drivers/STM32F1xx_HAL_Driver/Src/stm32f1xx_hal_tim.o
 .debug_macro   0x000000000001ac2d      0x1c1 ./Drivers/STM32F1xx_HAL_Driver/Src/stm32f1xx_hal_tim_ex.o

.debug_line     0x0000000000000000    0x17144
 .debug_line    0x0000000000000000      0xa67 ./Core/Src/adc.o
 .debug_line    0x0000000000000a67      0xada ./Core/Src/can.o
 .debug_line    0x0000000000001541      0x928 ./Core/Src/dma.o
 .debug_line    0x0000000000001e69      0x9a8 ./Core/Src/gpio.o
 .debug_line    0x0000000000002811      0x989 ./Core/Src/i2c.o
 .debug_line    0x000000000000319a      0xc3c ./Core/Src/lcd_i2c.o
 .debug_line    0x0000000000003dd6      0xa2b ./Core/Src/main.o
 .debug_line    0x0000000000004801      0xca1 ./Core/Src/obd.o
 .debug_line    0x00000000000054a2      0x925 ./Core/Src/stm32f1xx_hal_msp.o
 .debug_line    0x0000000000005dc7      0xa2e ./Core/Src/stm32f1xx_it.o
 .debug_line    0x00000000000067f5      0x583 ./Core/Src/sysmem.o
 .debug_line    0x0000000000006d78      0x7ca ./Core/Src/system_stm32f1xx.o
 .debug_line    0x0000000000007542      0x9e0 ./Core/Src/tim.o
 .debug_line    0x0000000000007f22       0x78 ./Core/Startup/startup_stm32f103c8tx.o
 .debug_line    0x0000000000007f9a      0x9f7 ./Drivers/STM32F1xx_HAL_Driver/Src/stm32f1xx_hal.o
 .debug_line    0x0000000000008991     0x1074 ./Drivers/STM32F1xx_HAL_Driver/Src/stm32f1xx_hal_adc.o
 .debug_line    0x0000000000009a05     0x119e ./Drivers/STM32F1xx_HAL_Driver/Src/stm32f1xx_hal_can.o
 .debug_line    0x000000000000aba3      0xbdf ./Drivers/STM32F1xx_HAL_Driver/Src/stm32f1xx_hal_cortex.o
 .debug_line    0x000000000000b782      0xe50 ./Drivers/STM32F1xx_HAL_Driver/Src/stm32f1xx_hal_dma.o
 .debug_line    0x000000000000c5d2      0xa90 ./Drivers/STM32F1xx_HAL_Driver/Src/stm32f1xx_hal_gpio.o
 .debug_line    0x000000000000d062     0x3b6e ./Drivers/STM32F1xx_HAL_Driver/Src/stm32f1xx_hal_i2c.o
 .debug_line    0x0000000000010bd0      0xe00 ./Drivers/STM32F1xx_HAL_Driver/Src/stm32f1xx_hal_rcc.o
 .debug_line    0x00000000000119d0      0x93b ./Drivers/STM32F1xx_HAL_Driver/Src/stm32f1xx_hal_rcc_ex.o
 .debug_line    0x000000000001230b     0x34e3 ./Drivers/STM32F1xx_HAL_Driver/Src/stm32f1xx_hal_tim.o
 .debug_line    0x00000000000157ee     0x1956 ./Drivers/STM32F1xx_HAL_Driver/Src/stm32f1xx_hal_tim_ex.o

.debug_str      0x0000000000000000    0x93150
 .debug_str     0x0000000000000000    0x8e203 ./Core/Src/adc.o
                                      0x8e5e1 (size before relaxing)
 .debug_str     0x000000000008e203      0x90b ./Core/Src/can.o
                                      0x8eb13 (size before relaxing)