../Core/Src/can.c:36:6:MX_CAN_Init	8	static
../Core/Src/can.c:67:6:HAL_CAN_MspInit	40	static
../Core/Src/can.c:103:6:HAL_CAN_MspDeInit	16	static
../Core/Src/can.c:129:6:CAN_SetBaudRate	24	static
../Core/Src/can.c:159:6:CAN_FilterConfig	48	static
../Core/Src/can.c:177:6:CAN_Tx	8	static
../Core/Src/can.c:195:6:CAN_Tx2	8	static
../Core/Src/can.c:213:6:Send_Response	8	static
../Core/Src/can.c:231:6:HAL_CAN_RxFifo0MsgPendingCallback	16	static
../Core/Src/can.c:241:6:HAL_CAN_TxMailbox0CompleteCallback	16	static
